Archive member included to satisfy reference by file (symbol)

C:/ST/STM32CubeIDE_1.19.0/STM32CubeIDE/plugins/com.st.stm32cube.ide.mcu.externaltools.gnu-tools-for-stm32.13.3.rel1.win32_1.0.0.202411081344/tools/bin/../lib/gcc/arm-none-eabi/13.3.1/../../../../arm-none-eabi/lib/thumb/v7e-m+fp/hard\libc_nano.a(libc_a-exit.o)
                              C:/ST/STM32CubeIDE_1.19.0/STM32CubeIDE/plugins/com.st.stm32cube.ide.mcu.externaltools.gnu-tools-for-stm32.13.3.rel1.win32_1.0.0.202411081344/tools/bin/../lib/gcc/arm-none-eabi/13.3.1/../../../../arm-none-eabi/lib/thumb/v7e-m+fp/hard/crt0.o (exit)
C:/ST/STM32CubeIDE_1.19.0/STM32CubeIDE/plugins/com.st.stm32cube.ide.mcu.externaltools.gnu-tools-for-stm32.13.3.rel1.win32_1.0.0.202411081344/tools/bin/../lib/gcc/arm-none-eabi/13.3.1/../../../../arm-none-eabi/lib/thumb/v7e-m+fp/hard\libc_nano.a(libc_a-findfp.o)
                              C:/ST/STM32CubeIDE_1.19.0/STM32CubeIDE/plugins/com.st.stm32cube.ide.mcu.externaltools.gnu-tools-for-stm32.13.3.rel1.win32_1.0.0.202411081344/tools/bin/../lib/gcc/arm-none-eabi/13.3.1/../../../../arm-none-eabi/lib/thumb/v7e-m+fp/hard\libc_nano.a(libc_a-exit.o) (__stdio_exit_handler)
C:/ST/STM32CubeIDE_1.19.0/STM32CubeIDE/plugins/com.st.stm32cube.ide.mcu.externaltools.gnu-tools-for-stm32.13.3.rel1.win32_1.0.0.202411081344/tools/bin/../lib/gcc/arm-none-eabi/13.3.1/../../../../arm-none-eabi/lib/thumb/v7e-m+fp/hard\libc_nano.a(libc_a-fwalk.o)
                              C:/ST/STM32CubeIDE_1.19.0/STM32CubeIDE/plugins/com.st.stm32cube.ide.mcu.externaltools.gnu-tools-for-stm32.13.3.rel1.win32_1.0.0.202411081344/tools/bin/../lib/gcc/arm-none-eabi/13.3.1/../../../../arm-none-eabi/lib/thumb/v7e-m+fp/hard\libc_nano.a(libc_a-findfp.o) (_fwalk_sglue)
C:/ST/STM32CubeIDE_1.19.0/STM32CubeIDE/plugins/com.st.stm32cube.ide.mcu.externaltools.gnu-tools-for-stm32.13.3.rel1.win32_1.0.0.202411081344/tools/bin/../lib/gcc/arm-none-eabi/13.3.1/../../../../arm-none-eabi/lib/thumb/v7e-m+fp/hard\libc_nano.a(libc_a-stdio.o)
                              C:/ST/STM32CubeIDE_1.19.0/STM32CubeIDE/plugins/com.st.stm32cube.ide.mcu.externaltools.gnu-tools-for-stm32.13.3.rel1.win32_1.0.0.202411081344/tools/bin/../lib/gcc/arm-none-eabi/13.3.1/../../../../arm-none-eabi/lib/thumb/v7e-m+fp/hard\libc_nano.a(libc_a-findfp.o) (__sread)
C:/ST/STM32CubeIDE_1.19.0/STM32CubeIDE/plugins/com.st.stm32cube.ide.mcu.externaltools.gnu-tools-for-stm32.13.3.rel1.win32_1.0.0.202411081344/tools/bin/../lib/gcc/arm-none-eabi/13.3.1/../../../../arm-none-eabi/lib/thumb/v7e-m+fp/hard\libc_nano.a(libc_a-memcmp.o)
                              ./OS/SEGGER/OS/SEGGER_SYSVIEW_FreeRTOS.o (memcmp)
C:/ST/STM32CubeIDE_1.19.0/STM32CubeIDE/plugins/com.st.stm32cube.ide.mcu.externaltools.gnu-tools-for-stm32.13.3.rel1.win32_1.0.0.202411081344/tools/bin/../lib/gcc/arm-none-eabi/13.3.1/../../../../arm-none-eabi/lib/thumb/v7e-m+fp/hard\libc_nano.a(libc_a-memset.o)
                              C:/ST/STM32CubeIDE_1.19.0/STM32CubeIDE/plugins/com.st.stm32cube.ide.mcu.externaltools.gnu-tools-for-stm32.13.3.rel1.win32_1.0.0.202411081344/tools/bin/../lib/gcc/arm-none-eabi/13.3.1/../../../../arm-none-eabi/lib/thumb/v7e-m+fp/hard/crt0.o (memset)
C:/ST/STM32CubeIDE_1.19.0/STM32CubeIDE/plugins/com.st.stm32cube.ide.mcu.externaltools.gnu-tools-for-stm32.13.3.rel1.win32_1.0.0.202411081344/tools/bin/../lib/gcc/arm-none-eabi/13.3.1/../../../../arm-none-eabi/lib/thumb/v7e-m+fp/hard\libc_nano.a(libc_a-strncpy.o)
                              ./App/UITask/Src/ui_task.o (strncpy)
C:/ST/STM32CubeIDE_1.19.0/STM32CubeIDE/plugins/com.st.stm32cube.ide.mcu.externaltools.gnu-tools-for-stm32.13.3.rel1.win32_1.0.0.202411081344/tools/bin/../lib/gcc/arm-none-eabi/13.3.1/../../../../arm-none-eabi/lib/thumb/v7e-m+fp/hard\libc_nano.a(libc_a-closer.o)
                              C:/ST/STM32CubeIDE_1.19.0/STM32CubeIDE/plugins/com.st.stm32cube.ide.mcu.externaltools.gnu-tools-for-stm32.13.3.rel1.win32_1.0.0.202411081344/tools/bin/../lib/gcc/arm-none-eabi/13.3.1/../../../../arm-none-eabi/lib/thumb/v7e-m+fp/hard\libc_nano.a(libc_a-stdio.o) (_close_r)
C:/ST/STM32CubeIDE_1.19.0/STM32CubeIDE/plugins/com.st.stm32cube.ide.mcu.externaltools.gnu-tools-for-stm32.13.3.rel1.win32_1.0.0.202411081344/tools/bin/../lib/gcc/arm-none-eabi/13.3.1/../../../../arm-none-eabi/lib/thumb/v7e-m+fp/hard\libc_nano.a(libc_a-reent.o)
                              C:/ST/STM32CubeIDE_1.19.0/STM32CubeIDE/plugins/com.st.stm32cube.ide.mcu.externaltools.gnu-tools-for-stm32.13.3.rel1.win32_1.0.0.202411081344/tools/bin/../lib/gcc/arm-none-eabi/13.3.1/../../../../arm-none-eabi/lib/thumb/v7e-m+fp/hard\libc_nano.a(libc_a-closer.o) (errno)
C:/ST/STM32CubeIDE_1.19.0/STM32CubeIDE/plugins/com.st.stm32cube.ide.mcu.externaltools.gnu-tools-for-stm32.13.3.rel1.win32_1.0.0.202411081344/tools/bin/../lib/gcc/arm-none-eabi/13.3.1/../../../../arm-none-eabi/lib/thumb/v7e-m+fp/hard\libc_nano.a(libc_a-impure.o)
[...]
Memory Configuration

Name             Origin             Length             Attributes
RAM              0x20000000         0x00020000         xrw
FLASH            0x08000000         0x00080000         xr
*default*        0x00000000         0xffffffff

Linker script and memory map

LOAD C:/ST/STM32CubeIDE_1.19.0/STM32CubeIDE/plugins/com.st.stm32cube.ide.mcu.externaltools.gnu-tools-for-stm32.13.3.rel1.win32_1.0.0.202411081344/tools/bin/../lib/gcc/arm-none-eabi/13.3.1/thumb/v7e-m+fp/hard/crti.o
LOAD C:/ST/STM32CubeIDE_1.19.0/STM32CubeIDE/plugins/com.st.stm32cube.ide.mcu.externaltools.gnu-tools-for-stm32.13.3.rel1.win32_1.0.0.202411081344/tools/bin/../lib/gcc/arm-none-eabi/13.3.1/thumb/v7e-m+fp/hard/crtbegin.o
LOAD C:/ST/STM32CubeIDE_1.19.0/STM32CubeIDE/plugins/com.st.stm32cube.ide.mcu.externaltools.gnu-tools-for-stm32.13.3.rel1.win32_1.0.0.202411081344/tools/bin/../lib/gcc/arm-none-eabi/13.3.1/../../../../arm-none-eabi/lib/thumb/v7e-m+fp/hard/crt0.o
LOAD ./App/BSP/Src/bsp_button.o
LOAD ./App/BSP/Src/bsp_led.o
LOAD ./App/BSP/Src/bsp_motor.o
LOAD ./App/BSP/Src/bsp_oled.o
LOAD ./App/BSP/Src/bsp_sensor.o
LOAD ./App/BSP/Src/bsp_valve.o
LOAD ./App/Common/Src/freertos_objects.o
LOAD ./App/OLEDTask/Src/oled_task.o
LOAD ./App/SensorTask/Src/sensor_task.o
LOAD ./App/UITask/Src/ui_task.o
LOAD ./App/WashingManager/Src/washing_manager.o
LOAD ./App/WashingManager/Src/washing_sm.o
LOAD ./Core/Src/main.o
LOAD ./Core/Src/stm32f4xx_hal_msp.o
LOAD ./Core/Src/stm32f4xx_hal_timebase_tim.o
LOAD ./Core/Src/stm32f4xx_it.o
LOAD ./Core/Src/syscalls.o
LOAD ./Core/Src/system_stm32f4xx.o
LOAD ./Core/Startup/startup_stm32f411vetx.o
LOAD ./Drivers/SSD1306/ssd1306.o
LOAD ./Drivers/SSD1306/ssd1306_fonts.o
LOAD ./Drivers/STM32F4xx_HAL_Driver/Src/stm32f4xx_hal.o
LOAD ./Drivers/STM32F4xx_HAL_Driver/Src/stm32f4xx_hal_cortex.o
LOAD ./Drivers/STM32F4xx_HAL_Driver/Src/stm32f4xx_hal_dma.o
LOAD ./Drivers/STM32F4xx_HAL_Driver/Src/stm32f4xx_hal_dma_ex.o
LOAD ./Drivers/STM32F4xx_HAL_Driver/Src/stm32f4xx_hal_exti.o
LOAD ./Drivers/STM32F4xx_HAL_Driver/Src/stm32f4xx_hal_flash.o
LOAD ./Drivers/STM32F4xx_HAL_Driver/Src/stm32f4xx_hal_flash_ex.o
LOAD ./Drivers/STM32F4xx_HAL_Driver/Src/stm32f4xx_hal_flash_ramfunc.o
LOAD ./Drivers/STM32F4xx_HAL_Driver/Src/stm32f4xx_hal_gpio.o
LOAD ./Drivers/STM32F4xx_HAL_Driver/Src/stm32f4xx_hal_i2c.o
LOAD ./Drivers/STM32F4xx_HAL_Driver/Src/stm32f4xx_hal_i2c_ex.o
LOAD ./Drivers/STM32F4xx_HAL_Driver/Src/stm32f4xx_hal_pwr.o
LOAD ./Drivers/STM32F4xx_HAL_Driver/Src/stm32f4xx_hal_pwr_ex.o
LOAD ./Drivers/STM32F4xx_HAL_Driver/Src/stm32f4xx_hal_rcc.o
LOAD ./Drivers/STM32F4xx_HAL_Driver/Src/stm32f4xx_hal_rcc_ex.o
LOAD ./Drivers/STM32F4xx_HAL_Driver/Src/stm32f4xx_hal_tim.o
LOAD ./Drivers/STM32F4xx_HAL_Driver/Src/stm32f4xx_hal_tim_ex.o
LOAD ./OS/FreeRTOS/croutine.o
LOAD ./OS/FreeRTOS/event_groups.o
LOAD ./OS/FreeRTOS/list.o
LOAD ./OS/FreeRTOS/queue.o
LOAD ./OS/FreeRTOS/stream_buffer.o
LOAD ./OS/FreeRTOS/tasks.o
LOAD ./OS/FreeRTOS/timers.o
LOAD ./OS/FreeRTOS/portable/GCC/ARM_CM4F/port.o
LOAD ./OS/FreeRTOS/portable/MemMang/heap_4.o
LOAD ./OS/SEGGER/Config/SEGGER_SYSVIEW_Config_FreeRTOS.o
LOAD ./OS/SEGGER/OS/SEGGER_SYSVIEW_FreeRTOS.o
LOAD ./OS/SEGGER/SEGGER/SEGGER_RTT.o
LOAD ./OS/SEGGER/SEGGER/SEGGER_RTT_ASM_ARMv7M.o
LOAD ./OS/SEGGER/SEGGER/SEGGER_RTT_printf.o
LOAD ./OS/SEGGER/SEGGER/SEGGER_SYSVIEW.o
LOAD ./OS/SEGGER/SEGGER/Syscalls/SEGGER_RTT_Syscalls_GCC.o
START GROUP
LOAD C:/ST/STM32CubeIDE_1.19.0/STM32CubeIDE/plugins/com.st.stm32cube.ide.mcu.externaltools.gnu-tools-for-stm32.13.3.rel1.win32_1.0.0.202411081344/tools/bin/../lib/gcc/arm-none-eabi/13.3.1/../../../../arm-none-eabi/lib/thumb/v7e-m+fp/hard\libc_nano.a
LOAD C:/ST/STM32CubeIDE_1.19.0/STM32CubeIDE/plugins/com.st.stm32cube.ide.mcu.externaltools.gnu-tools-for-stm32.13.3.rel1.win32_1.0.0.202411081344/tools/bin/../lib/gcc/arm-none-eabi/13.3.1/../../../../arm-none-eabi/lib/thumb/v7e-m+fp/hard\libm.a
END GROUP
START GROUP
LOAD C:/ST/STM32CubeIDE_1.19.0/STM32CubeIDE/plugins/com.st.stm32cube.ide.mcu.externaltools.gnu-tools-for-stm32.13.3.rel1.win32_1.0.0.202411081344/tools/bin/../lib/gcc/arm-none-eabi/13.3.1/thumb/v7e-m+fp/hard\libgcc.a
LOAD C:/ST/STM32CubeIDE_1.19.0/STM32CubeIDE/plugins/com.st.stm32cube.ide.mcu.externaltools.gnu-tools-for-stm32.13.3.rel1.win32_1.0.0.202411081344/tools/bin/../lib/gcc/arm-none-eabi/13.3.1/../../../../arm-none-eabi/lib/thumb/v7e-m+fp/hard\libc_nano.a
END GROUP
START GROUP
LOAD C:/ST/STM32CubeIDE_1.19.0/STM32CubeIDE/plugins/com.st.stm32cube.ide.mcu.externaltools.gnu-tools-for-stm32.13.3.rel1.win32_1.0.0.202411081344/tools/bin/../lib/gcc/arm-none-eabi/13.3.1/thumb/v7e-m+fp/hard\libgcc.a
LOAD C:/ST/STM32CubeIDE_1.19.0/STM32CubeIDE/plugins/com.st.stm32cube.ide.mcu.externaltools.gnu-tools-for-stm32.13.3.rel1.win32_1.0.0.202411081344/tools/bin/../lib/gcc/arm-none-eabi/13.3.1/../../../../arm-none-eabi/lib/thumb/v7e-m+fp/hard\libc_nano.a
LOAD C:/ST/STM32CubeIDE_1.19.0/STM32CubeIDE/plugins/com.st.stm32cube.ide.mcu.externaltools.gnu-tools-for-stm32.13.3.rel1.win32_1.0.0.202411081344/tools/bin/../lib/gcc/arm-none-eabi/13.3.1/../../../../arm-none-eabi/lib/thumb/v7e-m+fp/hard\libnosys.a
END GROUP
START GROUP
LOAD C:/ST/STM32CubeIDE_1.19.0/STM32CubeIDE/plugins/com.st.stm32cube.ide.mcu.externaltools.gnu-tools-for-stm32.13.3.rel1.win32_1.0.0.202411081344/tools/bin/../lib/gcc/arm-none-eabi/13.3.1/thumb/v7e-m+fp/hard\libgcc.a
LOAD C:/ST/STM32CubeIDE_1.19.0/STM32CubeIDE/plugins/com.st.stm32cube.ide.mcu.externaltools.gnu-tools-for-stm32.13.3.rel1.win32_1.0.0.202411081344/tools/bin/../lib/gcc/arm-none-eabi/13.3.1/../../../../arm-none-eabi/lib/thumb/v7e-m+fp/hard\libc_nano.a
LOAD C:/ST/STM32CubeIDE_1.19.0/STM32CubeIDE/plugins/com.st.stm32cube.ide.mcu.externaltools.gnu-tools-for-stm32.13.3.rel1.win32_1.0.0.202411081344/tools/bin/../lib/gcc/arm-none-eabi/13.3.1/../../../../arm-none-eabi/lib/thumb/v7e-m+fp/hard\libnosys.a
END GROUP
LOAD C:/ST/STM32CubeIDE_1.19.0/STM32CubeIDE/plugins/com.st.stm32cube.ide.mcu.externaltools.gnu-tools-for-stm32.13.3.rel1.win32_1.0.0.202411081344/tools/bin/../lib/gcc/arm-none-eabi/13.3.1/thumb/v7e-m+fp/hard/crtend.o
LOAD C:/ST/STM32CubeIDE_1.19.0/STM32CubeIDE/plugins/com.st.stm32cube.ide.mcu.externaltools.gnu-tools-for-stm32.13.3.rel1.win32_1.0.0.202411081344/tools/bin/../lib/gcc/arm-none-eabi/13.3.1/thumb/v7e-m+fp/hard/crtn.o
                0x20020000                        _estack = (ORIGIN (RAM) + LENGTH (RAM))
                0x00000200                        _Min_Heap_Size = 0x200
                0x00000400                        _Min_Stack_Size = 0x400

.isr_vector     0x08000000      0x198
                0x08000000                        . = ALIGN (0x4)
 *(.isr_vector)
 .isr_vector    0x08000000      0x198 ./Core/Startup/startup_stm32f411vetx.o
                0x08000000                g_pfnVectors
                0x08000198                        . = ALIGN (0x4)

.text           0x08000198     0x8924
                0x08000198                        . = ALIGN (0x4)
 *(.text)
 .text          0x08000198       0x40 C:/ST/STM32CubeIDE_1.19.0/STM32CubeIDE/plugins/com.st.stm32cube.ide.mcu.externaltools.gnu-tools-for-stm32.13.3.rel1.win32_1.0.0.202411081344/tools/bin/../lib/gcc/arm-none-eabi/13.3.1/thumb/v7e-m+fp/hard/crtbegin.o
 .text          0x080001d8       0x94 ./OS/SEGGER/SEGGER/SEGGER_RTT_ASM_ARMv7M.o
                0x080001d8                SEGGER_RTT_ASM_WriteSkipNoLock
 .text          0x0800026c       0x30 C:/ST/STM32CubeIDE_1.19.0/STM32CubeIDE/plugins/com.st.stm32cube.ide.mcu.externaltools.gnu-tools-for-stm32.13.3.rel1.win32_1.0.0.202411081344/tools/bin/../lib/gcc/arm-none-eabi/13.3.1/thumb/v7e-m+fp/hard\libgcc.a(_aeabi_uldivmod.o)
                0x0800026c                __aeabi_uldivmod
 .text          0x0800029c      0x2f8 C:/ST/STM32CubeIDE_1.19.0/STM32CubeIDE/plugins/com.st.stm32cube.ide.mcu.externaltools.gnu-tools-for-stm32.13.3.rel1.win32_1.0.0.202411081344/tools/bin/../lib/gcc/arm-none-eabi/13.3.1/thumb/v7e-m+fp/hard\libgcc.a(_udivmoddi4.o)
                0x0800029c                __udivmoddi4
 .text          0x08000594        0x4 C:/ST/STM32CubeIDE_1.19.0/STM32CubeIDE/plugins/com.st.stm32cube.ide.mcu.externaltools.gnu-tools-for-stm32.13.3.rel1.win32_1.0.0.202411081344/tools/bin/../lib/gcc/arm-none-eabi/13.3.1/thumb/v7e-m+fp/hard\libgcc.a(_dvmd_tls.o)
                0x08000594                __aeabi_idiv0
                0x08000594                __aeabi_ldiv0
 *(.text*)
 .text.BSP_Button_Init
                0x08000598       0x8c ./App/BSP/Src/bsp_button.o
                0x08000598                BSP_Button_Init
 .text.BSP_Button_IRQHandler
                0x08000624       0x8c ./App/BSP/Src/bsp_button.o
                0x08000624                BSP_Button_IRQHandler
 .text.BSP_LED_Init
                0x080006b0       0x18 ./App/BSP/Src/bsp_led.o
                0x080006b0                BSP_LED_Init
 .text.BSP_LED_On
                0x080006c8       0x18 ./App/BSP/Src/bsp_led.o
                0x080006c8                BSP_LED_On
 .text.BSP_LED_Off
                0x080006e0       0x18 ./App/BSP/Src/bsp_led.o
                0x080006e0                BSP_LED_Off
 .text.BSP_Motor_Init
                0x080006f8       0x18 ./App/BSP/Src/bsp_motor.o
                0x080006f8                BSP_Motor_Init
 .text.BSP_Motor_Start
                0x08000710       0x18 ./App/BSP/Src/bsp_motor.o
                0x08000710                BSP_Motor_Start
 .text.BSP_Motor_Stop
                0x08000728       0x18 ./App/BSP/Src/bsp_motor.o
                0x08000728                BSP_Motor_Stop
 .text.BSP_OLED_Init
                0x08000740       0x16 ./App/BSP/Src/bsp_oled.o
                0x08000740                BSP_OLED_Init
 .text.BSP_OLED_Clear
                0x08000756        0xe ./App/BSP/Src/bsp_oled.o
                0x08000756                BSP_OLED_Clear
 .text.BSP_OLED_DrawText
                0x08000764       0x3c ./App/BSP/Src/bsp_oled.o
                0x08000764                BSP_OLED_DrawText
 .text.BSP_OLED_Refresh
                0x080007a0        0xc ./App/BSP/Src/bsp_oled.o
                0x080007a0                BSP_OLED_Refresh
 .text.BSP_Sensor_IsDoorClosed
                0x080007ac       0x20 ./App/BSP/Src/bsp_sensor.o
                0x080007ac                BSP_Sensor_IsDoorClosed
 .text.BSP_Sensor_IsWaterFull
                0x080007cc       0x18 ./App/BSP/Src/bsp_sensor.o
                0x080007cc                BSP_Sensor_IsWaterFull
 .text.BSP_Valve_Init
                0x080007e4       0x18 ./App/BSP/Src/bsp_valve.o
                0x080007e4                BSP_Valve_Init
 .text.BSP_Valve_Open
                0x080007fc       0x2c ./App/BSP/Src/bsp_valve.o
                0x080007fc                BSP_Valve_Open
 .text.BSP_Valve_Close
                0x08000828       0x2c ./App/BSP/Src/bsp_valve.o
                0x08000828                BSP_Valve_Close
 .text.Timer_PhaseCallback
                0x08000854       0x20 ./App/Common/Src/freertos_objects.o
 .text.App_FreeRTOSObjectsInit
                0x08000874      0x20c ./App/Common/Src/freertos_objects.o
                0x08000874                App_FreeRTOSObjectsInit
 .text.OLED_Render
                0x08000a80       0x74 ./App/OLEDTask/Src/oled_task.o
 .text.OLEDTask
                0x08000af4       0x30 ./App/OLEDTask/Src/oled_task.o
                0x08000af4                OLEDTask
 .text.SensorTask
                0x08000b24       0x5c ./App/SensorTask/Src/sensor_task.o
                0x08000b24                SensorTask
 .text.Button_EventCallback
                0x08000b80       0x50 ./App/UITask/Src/ui_task.o
 .text.UITask   0x08000bd0       0xbc ./App/UITask/Src/ui_task.o
                0x08000bd0                UITask
 .text.Manager_OnEnterIdle
                0x08000c8c       0x38 ./App/WashingManager/Src/washing_manager.o
 .text.Manager_OnEnterFillWater
                0x08000cc4       0x40 ./App/WashingManager/Src/washing_manager.o
 .text.Manager_OnEnterWashing
                0x08000d04       0x40 ./App/WashingManager/Src/washing_manager.o
 .text.Manager_OnEnterDrain
                0x08000d44       0x40 ./App/WashingManager/Src/washing_manager.o
 .text.Manager_OnEnterSpin
                0x08000d84       0x40 ./App/WashingManager/Src/washing_manager.o
 .text.Manager_OnEnterFinish
                0x08000dc4       0x34 ./App/WashingManager/Src/washing_manager.o
 .text.Manager_OnEnterError
                0x08000df8       0x38 ./App/WashingManager/Src/washing_manager.o
 .text.Manager_PostDisplay
                0x08000e30       0x58 ./App/WashingManager/Src/washing_manager.o
 .text.Manager_HandleCommand
                0x08000e88       0x5c ./App/WashingManager/Src/washing_manager.o
 .text.WashingManager_Task
                0x08000ee4      0x200 ./App/WashingManager/Src/washing_manager.o
                0x08000ee4                WashingManager_Task
 .text.SM_ExecuteEntryAction
                0x080010e4       0xd0 ./App/WashingManager/Src/washing_sm.o
 .text.WashingSM_Init
                0x080011b4       0x50 ./App/WashingManager/Src/washing_sm.o
                0x080011b4                WashingSM_Init
 .text.WashingSM_ProcessEvent
                0x08001204       0x7c ./App/WashingManager/Src/washing_sm.o
                0x08001204                WashingSM_ProcessEvent
 .text.WashingSM_GetState
                0x08001280       0x18 ./App/WashingManager/Src/washing_sm.o
                0x08001280                WashingSM_GetState
 .text.main     0x08001298       0xd4 ./Core/Src/main.o
                0x08001298                main
 .text.SystemClock_Config
                0x0800136c       0xbc ./Core/Src/main.o
                0x0800136c                SystemClock_Config
 .text.MX_I2C1_Init
                0x08001428       0x5c ./Core/Src/main.o
 .text.MX_GPIO_Init
                0x08001484       0xd4 ./Core/Src/main.o
 .text.HAL_TIM_PeriodElapsedCallback
                0x08001558       0x24 ./Core/Src/main.o
                0x08001558                HAL_TIM_PeriodElapsedCallback
 .text.Error_Handler
                0x0800157c        0xc ./Core/Src/main.o
                0x0800157c                Error_Handler
 .text.HAL_MspInit
                0x08001588       0x50 ./Core/Src/stm32f4xx_hal_msp.o
                0x08001588                HAL_MspInit
 .text.HAL_I2C_MspInit
                0x080015d8       0xa8 ./Core/Src/stm32f4xx_hal_msp.o
                0x080015d8                HAL_I2C_MspInit
 .text.HAL_InitTick
                0x08001680       0xf8 ./Core/Src/stm32f4xx_hal_timebase_tim.o
                0x08001680                HAL_InitTick
 .text.NMI_Handler
                0x08001778        0x8 ./Core/Src/stm32f4xx_it.o
                0x08001778                NMI_Handler
 .text.HardFault_Handler
                0x08001780        0x8 ./Core/Src/stm32f4xx_it.o
                0x08001780                HardFault_Handler
 .text.MemManage_Handler
                0x08001788        0x8 ./Core/Src/stm32f4xx_it.o
                0x08001788                MemManage_Handler
 .text.BusFault_Handler
                0x08001790        0x8 ./Core/Src/stm32f4xx_it.o
                0x08001790                BusFault_Handler
 .text.UsageFault_Handler
                0x08001798        0x8 ./Core/Src/stm32f4xx_it.o
                0x08001798                UsageFault_Handler
 .text.DebugMon_Handler
                0x080017a0        0xe ./Core/Src/stm32f4xx_it.o
                0x080017a0                DebugMon_Handler
 .text.EXTI0_IRQHandler
                0x080017ae       0x12 ./Core/Src/stm32f4xx_it.o
                0x080017ae                EXTI0_IRQHandler
 .text.TIM4_IRQHandler
                0x080017c0       0x14 ./Core/Src/stm32f4xx_it.o
                0x080017c0                TIM4_IRQHandler
 .text.SystemInit
                0x080017d4       0x24 ./Core/Src/system_stm32f4xx.o
                0x080017d4                SystemInit
 .text.Reset_Handler
                0x080017f8       0x50 ./Core/Startup/startup_stm32f411vetx.o
                0x080017f8                Reset_Handler
 .text.Default_Handler
                0x08001848        0x2 ./Core/Startup/startup_stm32f411vetx.o
                0x08001848                RTC_Alarm_IRQHandler
                0x08001848                EXTI2_IRQHandler
                0x08001848                SPI4_IRQHandler
                0x08001848                TIM1_CC_IRQHandler
                0x08001848                DMA2_Stream5_IRQHandler
                0x08001848                DMA1_Stream5_IRQHandler
                0x08001848                PVD_IRQHandler
                0x08001848                SDIO_IRQHandler
                0x08001848                TAMP_STAMP_IRQHandler
                0x08001848                EXTI3_IRQHandler
                0x08001848                TIM1_UP_TIM10_IRQHandler
                0x08001848                I2C3_ER_IRQHandler
                0x08001848                I2C2_EV_IRQHandler
                0x08001848                DMA1_Stream2_IRQHandler
                0x08001848                FPU_IRQHandler
                0x08001848                DMA2_Stream2_IRQHandler
                0x08001848                SPI1_IRQHandler
                0x08001848                TIM1_BRK_TIM9_IRQHandler
                0x08001848                DMA2_Stream3_IRQHandler
                0x08001848                USART6_IRQHandler
                0x08001848                DMA2_Stream0_IRQHandler
                0x08001848                I2C1_EV_IRQHandler
                0x08001848                DMA1_Stream6_IRQHandler
                0x08001848                DMA1_Stream1_IRQHandler
                0x08001848                TIM3_IRQHandler
                0x08001848                RCC_IRQHandler
                0x08001848                Default_Handler
                0x08001848                EXTI15_10_IRQHandler
                0x08001848                ADC_IRQHandler
                0x08001848                DMA1_Stream7_IRQHandler
                0x08001848                SPI5_IRQHandler
                0x08001848                TIM5_IRQHandler
                0x08001848                DMA2_Stream7_IRQHandler
                0x08001848                I2C3_EV_IRQHandler
                0x08001848                EXTI9_5_IRQHandler
                0x08001848                RTC_WKUP_IRQHandler
                0x08001848                SPI2_IRQHandler
                0x08001848                DMA1_Stream0_IRQHandler
                0x08001848                EXTI4_IRQHandler
                0x08001848                WWDG_IRQHandler
                0x08001848                TIM2_IRQHandler
                0x08001848                OTG_FS_WKUP_IRQHandler
                0x08001848                TIM1_TRG_COM_TIM11_IRQHandler
                0x08001848                EXTI1_IRQHandler
                0x08001848                USART2_IRQHandler
                0x08001848                I2C2_ER_IRQHandler
                0x08001848                DMA2_Stream1_IRQHandler
                0x08001848                FLASH_IRQHandler
                0x08001848                DMA2_Stream4_IRQHandler
                0x08001848                USART1_IRQHandler
                0x08001848                OTG_FS_IRQHandler
                0x08001848                SPI3_IRQHandler
                0x08001848                DMA1_Stream4_IRQHandler
                0x08001848                I2C1_ER_IRQHandler
                0x08001848                DMA2_Stream6_IRQHandler
                0x08001848                DMA1_Stream3_IRQHandler
 .text.ssd1306_Reset
                0x0800184a        0xe ./Drivers/SSD1306/ssd1306.o
                0x0800184a                ssd1306_Reset
 .text.ssd1306_WriteCommand
                0x08001858       0x30 ./Drivers/SSD1306/ssd1306.o
                0x08001858                ssd1306_WriteCommand
 .text.ssd1306_WriteData
                0x08001888       0x34 ./Drivers/SSD1306/ssd1306.o
                0x08001888                ssd1306_WriteData
 .text.ssd1306_Init
                0x080018bc       0xd4 ./Drivers/SSD1306/ssd1306.o
                0x080018bc                ssd1306_Init
 .text.ssd1306_Fill
                0x08001990       0x30 ./Drivers/SSD1306/ssd1306.o
                0x08001990                ssd1306_Fill
 .text.ssd1306_UpdateScreen
                0x080019c0       0x50 ./Drivers/SSD1306/ssd1306.o
                0x080019c0                ssd1306_UpdateScreen
 .text.ssd1306_DrawPixel
                0x08001a10       0xa8 ./Drivers/SSD1306/ssd1306.o
                0x08001a10                ssd1306_DrawPixel
 .text.ssd1306_WriteChar
                0x08001ab8      0x124 ./Drivers/SSD1306/ssd1306.o
                0x08001ab8                ssd1306_WriteChar
 .text.ssd1306_WriteString
                0x08001bdc       0x4c ./Drivers/SSD1306/ssd1306.o
                0x08001bdc                ssd1306_WriteString
 .text.ssd1306_SetCursor
                0x08001c28       0x30 ./Drivers/SSD1306/ssd1306.o
                0x08001c28                ssd1306_SetCursor
 .text.ssd1306_SetContrast
                0x08001c58       0x26 ./Drivers/SSD1306/ssd1306.o
                0x08001c58                ssd1306_SetContrast
 *fill*         0x08001c7e        0x2 
 .text.ssd1306_SetDisplayOn
                0x08001c80       0x3c ./Drivers/SSD1306/ssd1306.o
                0x08001c80                ssd1306_SetDisplayOn
 .text.HAL_Init
                0x08001cbc       0x44 ./Drivers/STM32F4xx_HAL_Driver/Src/stm32f4xx_hal.o
                0x08001cbc                HAL_Init
 .text.HAL_IncTick
                0x08001d00       0x28 ./Drivers/STM32F4xx_HAL_Driver/Src/stm32f4xx_hal.o
                0x08001d00                HAL_IncTick
 .text.HAL_GetTick
                0x08001d28       0x18 ./Drivers/STM32F4xx_HAL_Driver/Src/stm32f4xx_hal.o
                0x08001d28                HAL_GetTick
 .text.HAL_Delay
                0x08001d40       0x48 ./Drivers/STM32F4xx_HAL_Driver/Src/stm32f4xx_hal.o
                0x08001d40                HAL_Delay
 .text.__NVIC_SetPriorityGrouping
                0x08001d88       0x48 ./Drivers/STM32F4xx_HAL_Driver/Src/stm32f4xx_hal_cortex.o
 .text.__NVIC_GetPriorityGrouping
                0x08001dd0       0x1c ./Drivers/STM32F4xx_HAL_Driver/Src/stm32f4xx_hal_cortex.o
 .text.__NVIC_EnableIRQ
                0x08001dec       0x3c ./Drivers/STM32F4xx_HAL_Driver/Src/stm32f4xx_hal_cortex.o
 .text.__NVIC_SetPriority
                0x08001e28       0x54 ./Drivers/STM32F4xx_HAL_Driver/Src/stm32f4xx_hal_cortex.o
 .text.NVIC_EncodePriority
                0x08001e7c       0x66 ./Drivers/STM32F4xx_HAL_Driver/Src/stm32f4xx_hal_cortex.o
 .text.HAL_NVIC_SetPriorityGrouping
                0x08001ee2       0x16 ./Drivers/STM32F4xx_HAL_Driver/Src/stm32f4xx_hal_cortex.o
                0x08001ee2                HAL_NVIC_SetPriorityGrouping
 .text.HAL_NVIC_SetPriority
                0x08001ef8       0x38 ./Drivers/STM32F4xx_HAL_Driver/Src/stm32f4xx_hal_cortex.o
                0x08001ef8                HAL_NVIC_SetPriority
 .text.HAL_NVIC_EnableIRQ
                0x08001f30       0x1c ./Drivers/STM32F4xx_HAL_Driver/Src/stm32f4xx_hal_cortex.o
                0x08001f30                HAL_NVIC_EnableIRQ
 .text.HAL_GPIO_Init
                0x08001f4c      0x308 ./Drivers/STM32F4xx_HAL_Driver/Src/stm32f4xx_hal_gpio.o
                0x08001f4c                HAL_GPIO_Init
 .text.HAL_GPIO_ReadPin
                0x08002254       0x30 ./Drivers/STM32F4xx_HAL_Driver/Src/stm32f4xx_hal_gpio.o
                0x08002254                HAL_GPIO_ReadPin
 .text.HAL_GPIO_WritePin
                0x08002284       0x32 ./Drivers/STM32F4xx_HAL_Driver/Src/stm32f4xx_hal_gpio.o
                0x08002284                HAL_GPIO_WritePin
 *fill*         0x080022b6        0x2 
 .text.HAL_GPIO_EXTI_IRQHandler
                0x080022b8       0x30 ./Drivers/STM32F4xx_HAL_Driver/Src/stm32f4xx_hal_gpio.o
                0x080022b8                HAL_GPIO_EXTI_IRQHandler
 .text.HAL_GPIO_EXTI_Callback
                0x080022e8       0x16 ./Drivers/STM32F4xx_HAL_Driver/Src/stm32f4xx_hal_gpio.o
                0x080022e8                HAL_GPIO_EXTI_Callback
 *fill*         0x080022fe        0x2 
 .text.HAL_I2C_Init
                0x08002300      0x288 ./Drivers/STM32F4xx_HAL_Driver/Src/stm32f4xx_hal_i2c.o
                0x08002300                HAL_I2C_Init
 .text.HAL_I2C_Mem_Write
                0x08002588      0x1f4 ./Drivers/STM32F4xx_HAL_Driver/Src/stm32f4xx_hal_i2c.o
                0x08002588                HAL_I2C_Mem_Write
 .text.I2C_RequestMemoryWrite
                0x0800277c      0x12c ./Drivers/STM32F4xx_HAL_Driver/Src/stm32f4xx_hal_i2c.o
 .text.I2C_WaitOnFlagUntilTimeout
                0x080028a8       0xf4 ./Drivers/STM32F4xx_HAL_Driver/Src/stm32f4xx_hal_i2c.o
 .text.I2C_WaitOnMasterAddressFlagUntilTimeout
                0x0800299c      0x140 ./Drivers/STM32F4xx_HAL_Driver/Src/stm32f4xx_hal_i2c.o
 .text.I2C_WaitOnTXEFlagUntilTimeout
                0x08002adc       0x90 ./Drivers/STM32F4xx_HAL_Driver/Src/stm32f4xx_hal_i2c.o
 .text.I2C_WaitOnBTFFlagUntilTimeout
                0x08002b6c       0x90 ./Drivers/STM32F4xx_HAL_Driver/Src/stm32f4xx_hal_i2c.o
 .text.I2C_IsAcknowledgeFailed
                0x08002bfc       0x5e ./Drivers/STM32F4xx_HAL_Driver/Src/stm32f4xx_hal_i2c.o
 *fill*         0x08002c5a        0x2 
 .text.HAL_RCC_OscConfig
                0x08002c5c      0x4f0 ./Drivers/STM32F4xx_HAL_Driver/Src/stm32f4xx_hal_rcc.o
                0x08002c5c                HAL_RCC_OscConfig
 .text.HAL_RCC_ClockConfig
                0x0800314c      0x1cc ./Drivers/STM32F4xx_HAL_Driver/Src/stm32f4xx_hal_rcc.o
                0x0800314c                HAL_RCC_ClockConfig
 .text.HAL_RCC_GetSysClockFreq
                0x08003318      0x18c ./Drivers/STM32F4xx_HAL_Driver/Src/stm32f4xx_hal_rcc.o
                0x08003318                HAL_RCC_GetSysClockFreq
 .text.HAL_RCC_GetHCLKFreq
                0x080034a4       0x18 ./Drivers/STM32F4xx_HAL_Driver/Src/stm32f4xx_hal_rcc.o
                0x080034a4                HAL_RCC_GetHCLKFreq
 .text.HAL_RCC_GetPCLK1Freq
                0x080034bc       0x28 ./Drivers/STM32F4xx_HAL_Driver/Src/stm32f4xx_hal_rcc.o
                0x080034bc                HAL_RCC_GetPCLK1Freq
 .text.HAL_RCC_GetClockConfig
                0x080034e4       0x64 ./Drivers/STM32F4xx_HAL_Driver/Src/stm32f4xx_hal_rcc.o
                0x080034e4                HAL_RCC_GetClockConfig
 .text.HAL_TIM_Base_Init
                0x08003548       0x9e ./Drivers/STM32F4xx_HAL_Driver/Src/stm32f4xx_hal_tim.o
                0x08003548                HAL_TIM_Base_Init
 .text.HAL_TIM_Base_MspInit
                0x080035e6       0x14 ./Drivers/STM32F4xx_HAL_Driver/Src/stm32f4xx_hal_tim.o
                0x080035e6                HAL_TIM_Base_MspInit
 *fill*         0x080035fa        0x2 
 .text.HAL_TIM_Base_Start_IT
                0x080035fc       0xc4 ./Drivers/STM32F4xx_HAL_Driver/Src/stm32f4xx_hal_tim.o
                0x080035fc                HAL_TIM_Base_Start_IT
 .text.HAL_TIM_IRQHandler
                0x080036c0      0x1e0 ./Drivers/STM32F4xx_HAL_Driver/Src/stm32f4xx_hal_tim.o
                0x080036c0                HAL_TIM_IRQHandler
 .text.HAL_TIM_OC_DelayElapsedCallback
                0x080038a0       0x14 ./Drivers/STM32F4xx_HAL_Driver/Src/stm32f4xx_hal_tim.o
                0x080038a0                HAL_TIM_OC_DelayElapsedCallback
 .text.HAL_TIM_IC_CaptureCallback
                0x080038b4       0x14 ./Drivers/STM32F4xx_HAL_Driver/Src/stm32f4xx_hal_tim.o
                0x080038b4                HAL_TIM_IC_CaptureCallback
 .text.HAL_TIM_PWM_PulseFinishedCallback
                0x080038c8       0x14 ./Drivers/STM32F4xx_HAL_Driver/Src/stm32f4xx_hal_tim.o
                0x080038c8                HAL_TIM_PWM_PulseFinishedCallback
 .text.HAL_TIM_TriggerCallback
                0x080038dc       0x14 ./Drivers/STM32F4xx_HAL_Driver/Src/stm32f4xx_hal_tim.o
                0x080038dc                HAL_TIM_TriggerCallback
 .text.TIM_Base_SetConfig
                0x080038f0      0x10c ./Drivers/STM32F4xx_HAL_Driver/Src/stm32f4xx_hal_tim.o
                0x080038f0                TIM_Base_SetConfig
 .text.HAL_TIMEx_CommutCallback
                0x080039fc       0x14 ./Drivers/STM32F4xx_HAL_Driver/Src/stm32f4xx_hal_tim_ex.o
                0x080039fc                HAL_TIMEx_CommutCallback
 .text.HAL_TIMEx_BreakCallback
                0x08003a10       0x14 ./Drivers/STM32F4xx_HAL_Driver/Src/stm32f4xx_hal_tim_ex.o
                0x08003a10                HAL_TIMEx_BreakCallback
 .text.xEventGroupCreate
                0x08003a24       0x42 ./OS/FreeRTOS/event_groups.o
                0x08003a24                xEventGroupCreate
 *fill*         0x08003a66        0x2 
 .text.xEventGroupWaitBits
                0x08003a68      0x1ac ./OS/FreeRTOS/event_groups.o
                0x08003a68                xEventGroupWaitBits
 .text.xEventGroupClearBits
                0x08003c14       0x7c ./OS/FreeRTOS/event_groups.o
                0x08003c14                xEventGroupClearBits
 .text.xEventGroupSetBits
                0x08003c90      0x126 ./OS/FreeRTOS/event_groups.o
                0x08003c90                xEventGroupSetBits
 .text.prvTestWaitCondition
                0x08003db6       0x44 ./OS/FreeRTOS/event_groups.o
 .text.vListInitialise
                0x08003dfa       0x44 ./OS/FreeRTOS/list.o
                0x08003dfa                vListInitialise
 .text.vListInitialiseItem
                0x08003e3e       0x1e ./OS/FreeRTOS/list.o
                0x08003e3e                vListInitialiseItem
 .text.vListInsert
                0x08003e5c       0x76 ./OS/FreeRTOS/list.o
                0x08003e5c                vListInsert
 .text.uxListRemove
                0x08003ed2       0x5e ./OS/FreeRTOS/list.o
                0x08003ed2                uxListRemove
 .text.xQueueGenericReset
                0x08003f30      0x12c ./OS/FreeRTOS/queue.o
                0x08003f30                xQueueGenericReset
 .text.xQueueGenericCreate
                0x0800405c       0xb0 ./OS/FreeRTOS/queue.o
                0x0800405c                xQueueGenericCreate
 .text.prvInitialiseNewQueue
                0x0800410c       0x46 ./OS/FreeRTOS/queue.o
 *fill*         0x08004152        0x2 
 .text.xQueueGenericSend
                0x08004154      0x21c ./OS/FreeRTOS/queue.o
                0x08004154                xQueueGenericSend
 .text.xQueueGenericSendFromISR
                0x08004370      0x176 ./OS/FreeRTOS/queue.o
                0x08004370                xQueueGenericSendFromISR
 *fill*         0x080044e6        0x2 
 .text.xQueueReceive
                0x080044e8      0x1dc ./OS/FreeRTOS/queue.o
                0x080044e8                xQueueReceive
 .text.prvCopyDataToQueue
                0x080046c4       0xd4 ./OS/FreeRTOS/queue.o
 .text.prvCopyDataFromQueue
                0x08004798       0x4c ./OS/FreeRTOS/queue.o
 .text.prvUnlockQueue
                0x080047e4       0xa4 ./OS/FreeRTOS/queue.o
 .text.prvIsQueueEmpty
                0x08004888       0x2c ./OS/FreeRTOS/queue.o
 .text.prvIsQueueFull
                0x080048b4       0x30 ./OS/FreeRTOS/queue.o
 .text.vQueueAddToRegistry
                0x080048e4       0xa0 ./OS/FreeRTOS/queue.o
                0x080048e4                vQueueAddToRegistry
 .text.vQueueWaitForMessageRestricted
                0x08004984       0x6e ./OS/FreeRTOS/queue.o
                0x08004984                vQueueWaitForMessageRestricted
 .text.prvCreateTask
                0x080049f2       0x78 ./OS/FreeRTOS/tasks.o
 .text.xTaskCreate
                0x08004a6a       0x50 ./OS/FreeRTOS/tasks.o
                0x08004a6a                xTaskCreate
 .text.prvInitialiseNewTask
                0x08004aba      0x120 ./OS/FreeRTOS/tasks.o
 *fill*         0x08004bda        0x2 
 .text.prvAddNewTaskToReadyList
                0x08004bdc      0x16c ./OS/FreeRTOS/tasks.o
 .text.vTaskDelay
                0x08004d48       0x70 ./OS/FreeRTOS/tasks.o
                0x08004d48                vTaskDelay
 .text.prvCreateIdleTasks
                0x08004db8       0x94 ./OS/FreeRTOS/tasks.o
 .text.vTaskStartScheduler
                0x08004e4c       0xb4 ./OS/FreeRTOS/tasks.o
                0x08004e4c                vTaskStartScheduler
 .text.vTaskSuspendAll
                0x08004f00       0x1c ./OS/FreeRTOS/tasks.o
                0x08004f00                vTaskSuspendAll
 .text.xTaskResumeAll
                0x08004f1c      0x224 ./OS/FreeRTOS/tasks.o
                0x08004f1c                xTaskResumeAll
 .text.xTaskGetTickCount
                0x08005140       0x24 ./OS/FreeRTOS/tasks.o
                0x08005140                xTaskGetTickCount
 .text.xTaskGetTickCountFromISR
                0x08005164       0x2c ./OS/FreeRTOS/tasks.o
                0x08005164                xTaskGetTickCountFromISR
 .text.uxTaskGetNumberOfTasks
                0x08005190       0x1c ./OS/FreeRTOS/tasks.o
                0x08005190                uxTaskGetNumberOfTasks
 .text.xTaskIncrementTick
                0x080051ac      0x244 ./OS/FreeRTOS/tasks.o
                0x080051ac                xTaskIncrementTick
 .text.vTaskSwitchContext
                0x080053f0       0xd8 ./OS/FreeRTOS/tasks.o
                0x080053f0                vTaskSwitchContext
 .text.vTaskPlaceOnEventList
                0x080054c8       0x50 ./OS/FreeRTOS/tasks.o
                0x080054c8                vTaskPlaceOnEventList
 .text.vTaskPlaceOnUnorderedEventList
                0x08005518       0xb8 ./OS/FreeRTOS/tasks.o
                0x08005518                vTaskPlaceOnUnorderedEventList
 .text.vTaskPlaceOnEventListRestricted
                0x080055d0       0x94 ./OS/FreeRTOS/tasks.o
                0x080055d0                vTaskPlaceOnEventListRestricted
 .text.xTaskRemoveFromEventList
                0x08005664      0x1c0 ./OS/FreeRTOS/tasks.o
                0x08005664                xTaskRemoveFromEventList
 .text.vTaskRemoveFromUnorderedEventList
                0x08005824      0x194 ./OS/FreeRTOS/tasks.o
                0x08005824                vTaskRemoveFromUnorderedEventList
 .text.vTaskInternalSetTimeOutState
                0x080059b8       0x30 ./OS/FreeRTOS/tasks.o
                0x080059b8                vTaskInternalSetTimeOutState
 .text.xTaskCheckForTimeOut
                0x080059e8       0xd8 ./OS/FreeRTOS/tasks.o
                0x080059e8                xTaskCheckForTimeOut
 .text.vTaskMissedYield
                0x08005ac0       0x18 ./OS/FreeRTOS/tasks.o
                0x08005ac0                vTaskMissedYield
 .text.prvIdleTask
                0x08005ad8       0x30 ./OS/FreeRTOS/tasks.o
 .text.prvInitialiseTaskLists
                0x08005b08       0x80 ./OS/FreeRTOS/tasks.o
 .text.prvCheckTasksWaitingTermination
                0x08005b88       0x5c ./OS/FreeRTOS/tasks.o
 .text.prvDeleteTCB
                0x08005be4       0x20 ./OS/FreeRTOS/tasks.o
 .text.prvResetNextTaskUnblockTime
                0x08005c04       0x38 ./OS/FreeRTOS/tasks.o
 .text.xTaskGetSchedulerState
                0x08005c3c       0x44 ./OS/FreeRTOS/tasks.o
                0x08005c3c                xTaskGetSchedulerState
 .text.xTaskPriorityDisinherit
                0x08005c80      0x160 ./OS/FreeRTOS/tasks.o
                0x08005c80                xTaskPriorityDisinherit
 .text.uxTaskResetEventItemValue
                0x08005de0       0x34 ./OS/FreeRTOS/tasks.o
                0x08005de0                uxTaskResetEventItemValue
 .text.prvAddCurrentTaskToDelayedList
                0x08005e14      0x11c ./OS/FreeRTOS/tasks.o
 .text.xTimerCreateTimerTask
                0x08005f30       0x74 ./OS/FreeRTOS/timers.o
                0x08005f30                xTimerCreateTimerTask
 .text.xTimerCreate
                0x08005fa4       0x56 ./OS/FreeRTOS/timers.o
                0x08005fa4                xTimerCreate
 .text.prvInitialiseNewTimer
                0x08005ffa       0x72 ./OS/FreeRTOS/timers.o
 .text.xTimerGenericCommandFromTask
                0x0800606c       0xb4 ./OS/FreeRTOS/timers.o
                0x0800606c                xTimerGenericCommandFromTask
 .text.prvReloadTimer
                0x08006120       0x42 ./OS/FreeRTOS/timers.o
 *fill*         0x08006162        0x2 
 .text.prvProcessExpiredTimer
                0x08006164       0x60 ./OS/FreeRTOS/timers.o
 .text.prvTimerTask
                0x080061c4       0x26 ./OS/FreeRTOS/timers.o
 *fill*         0x080061ea        0x2 
 .text.prvProcessTimerOrBlockTask
                0x080061ec       0x9c ./OS/FreeRTOS/timers.o
 .text.prvGetNextExpireTime
                0x08006288       0x48 ./OS/FreeRTOS/timers.o
 .text.prvSampleTimeNow
                0x080062d0       0x40 ./OS/FreeRTOS/timers.o
 .text.prvInsertTimerInActiveList
                0x08006310       0x84 ./OS/FreeRTOS/timers.o
 .text.prvProcessReceivedCommands
                0x08006394      0x190 ./OS/FreeRTOS/timers.o
 .text.prvSwitchTimerLists
                0x08006524       0x4c ./OS/FreeRTOS/timers.o
 .text.prvCheckForValidListAndQueue
                0x08006570       0x6c ./OS/FreeRTOS/timers.o
 .text.pxPortInitialiseStack
                0x080065dc       0x68 ./OS/FreeRTOS/portable/GCC/ARM_CM4F/port.o
                0x080065dc                pxPortInitialiseStack
 .text.prvTaskExitError
                0x08006644       0x5c ./OS/FreeRTOS/portable/GCC/ARM_CM4F/port.o
 .text.SVC_Handler
                0x080066a0       0x24 ./OS/FreeRTOS/portable/GCC/ARM_CM4F/port.o
                0x080066a0                SVC_Handler
 .text.prvPortStartFirstTask
                0x080066c4       0x2c ./OS/FreeRTOS/portable/GCC/ARM_CM4F/port.o
 .text.xPortStartScheduler
                0x080066f0      0x1e0 ./OS/FreeRTOS/portable/GCC/ARM_CM4F/port.o
                0x080066f0                xPortStartScheduler
 .text.vPortEnterCritical
                0x080068d0       0x64 ./OS/FreeRTOS/portable/GCC/ARM_CM4F/port.o
                0x080068d0                vPortEnterCritical
 .text.vPortExitCritical
                0x08006934       0x54 ./OS/FreeRTOS/portable/GCC/ARM_CM4F/port.o
                0x08006934                vPortExitCritical
 .text.PendSV_Handler
                0x08006988       0x64 ./OS/FreeRTOS/portable/GCC/ARM_CM4F/port.o
                0x08006988                PendSV_Handler
 .text.SysTick_Handler
                0x080069ec       0x54 ./OS/FreeRTOS/portable/GCC/ARM_CM4F/port.o
                0x080069ec                SysTick_Handler
 .text.vPortSetupTimerInterrupt
                0x08006a40       0x48 ./OS/FreeRTOS/portable/GCC/ARM_CM4F/port.o
                0x08006a40                vPortSetupTimerInterrupt
 .text.vPortEnableVFP
                0x08006a88       0x18 ./OS/FreeRTOS/portable/GCC/ARM_CM4F/port.o
 .text.vPortValidateInterruptPriority
                0x08006aa0       0x84 ./OS/FreeRTOS/portable/GCC/ARM_CM4F/port.o
                0x08006aa0                vPortValidateInterruptPriority
 .text.pvPortMalloc
                0x08006b24      0x264 ./OS/FreeRTOS/portable/MemMang/heap_4.o
                0x08006b24                pvPortMalloc
 .text.vPortFree
                0x08006d88       0xec ./OS/FreeRTOS/portable/MemMang/heap_4.o
                0x08006d88                vPortFree
 .text.prvHeapInit
                0x08006e74       0xb4 ./OS/FreeRTOS/portable/MemMang/heap_4.o
 .text.prvInsertBlockIntoFreeList
                0x08006f28       0xf4 ./OS/FreeRTOS/portable/MemMang/heap_4.o
 .text._cbSendSystemDesc
                0x0800701c       0x1c ./OS/SEGGER/Config/SEGGER_SYSVIEW_Config_FreeRTOS.o
 .text.SEGGER_SYSVIEW_Conf
                0x08007038       0x2c ./OS/SEGGER/Config/SEGGER_SYSVIEW_Config_FreeRTOS.o
                0x08007038                SEGGER_SYSVIEW_Conf
 .text._cbSendTaskList
                0x08007064       0x90 ./OS/SEGGER/OS/SEGGER_SYSVIEW_FreeRTOS.o
 .text._cbGetTime
                0x080070f4       0x86 ./OS/SEGGER/OS/SEGGER_SYSVIEW_FreeRTOS.o
 *fill*         0x0800717a        0x2 
 .text.SYSVIEW_AddTask
                0x0800717c       0xd0 ./OS/SEGGER/OS/SEGGER_SYSVIEW_FreeRTOS.o
                0x0800717c                SYSVIEW_AddTask
 .text.SYSVIEW_SendTaskInfo
                0x0800724c       0x42 ./OS/SEGGER/OS/SEGGER_SYSVIEW_FreeRTOS.o
                0x0800724c                SYSVIEW_SendTaskInfo
 *fill*         0x0800728e        0x2 
 .text._DoInit  0x08007290       0xb4 ./OS/SEGGER/SEGGER/SEGGER_RTT.o
 .text.SEGGER_RTT_ReadNoLock
                0x08007344      0x10c ./OS/SEGGER/SEGGER/SEGGER_RTT.o
                0x08007344                SEGGER_RTT_ReadNoLock
 .text.SEGGER_RTT_AllocUpBuffer
                0x08007450      0x108 ./OS/SEGGER/SEGGER/SEGGER_RTT.o
                0x08007450                SEGGER_RTT_AllocUpBuffer
 .text.SEGGER_RTT_ConfigDownBuffer
                0x08007558       0x98 ./OS/SEGGER/SEGGER/SEGGER_RTT.o
                0x08007558                SEGGER_RTT_ConfigDownBuffer
 .text._EncodeStr
                0x080075f0       0x60 ./OS/SEGGER/SEGGER/SEGGER_SYSVIEW.o
 .text._PreparePacket
                0x08007650       0x18 ./OS/SEGGER/SEGGER/SEGGER_SYSVIEW.o
 .text._HandleIncomingPacket
                0x08007668       0xdc ./OS/SEGGER/SEGGER/SEGGER_SYSVIEW.o
 .text._TrySendOverflowPacket
                0x08007744       0xe4 ./OS/SEGGER/SEGGER/SEGGER_SYSVIEW.o
 .text._SendPacket
                0x08007828      0x2dc ./OS/SEGGER/SEGGER/SEGGER_SYSVIEW.o
 .text.SEGGER_SYSVIEW_Init
                0x08007b04       0x88 ./OS/SEGGER/SEGGER/SEGGER_SYSVIEW.o
                0x08007b04                SEGGER_SYSVIEW_Init
 .text.SEGGER_SYSVIEW_SetRAMBase
                0x08007b8c       0x20 ./OS/SEGGER/SEGGER/SEGGER_SYSVIEW.o
                0x08007b8c                SEGGER_SYSVIEW_SetRAMBase
 .text.SEGGER_SYSVIEW_RecordVoid
                0x08007bac       0x3c ./OS/SEGGER/SEGGER/SEGGER_SYSVIEW.o
                0x08007bac                SEGGER_SYSVIEW_RecordVoid
 .text.SEGGER_SYSVIEW_RecordU32
                0x08007be8       0x78 ./OS/SEGGER/SEGGER/SEGGER_SYSVIEW.o
                0x08007be8                SEGGER_SYSVIEW_RecordU32
 .text.SEGGER_SYSVIEW_RecordU32x2
                0x08007c60       0xb4 ./OS/SEGGER/SEGGER/SEGGER_SYSVIEW.o
                0x08007c60                SEGGER_SYSVIEW_RecordU32x2
 .text.SEGGER_SYSVIEW_Start
                0x08007d14      0x174 ./OS/SEGGER/SEGGER/SEGGER_SYSVIEW.o
                0x08007d14                SEGGER_SYSVIEW_Start
 .text.SEGGER_SYSVIEW_Stop
                0x08007e88       0x4c ./OS/SEGGER/SEGGER/SEGGER_SYSVIEW.o
                0x08007e88                SEGGER_SYSVIEW_Stop
 .text.SEGGER_SYSVIEW_GetSysDesc
                0x08007ed4      0x134 ./OS/SEGGER/SEGGER/SEGGER_SYSVIEW.o
                0x08007ed4                SEGGER_SYSVIEW_GetSysDesc
 .text.SEGGER_SYSVIEW_SendTaskInfo
                0x08008008      0x1c8 ./OS/SEGGER/SEGGER/SEGGER_SYSVIEW.o
                0x08008008                SEGGER_SYSVIEW_SendTaskInfo
 .text.SEGGER_SYSVIEW_SendTaskList
                0x080081d0       0x28 ./OS/SEGGER/SEGGER/SEGGER_SYSVIEW.o
                0x080081d0                SEGGER_SYSVIEW_SendTaskList
 .text.SEGGER_SYSVIEW_SendSysDesc
                0x080081f8       0x48 ./OS/SEGGER/SEGGER/SEGGER_SYSVIEW.o
                0x080081f8                SEGGER_SYSVIEW_SendSysDesc
 .text.SEGGER_SYSVIEW_RecordSystime
                0x08008240       0x64 ./OS/SEGGER/SEGGER/SEGGER_SYSVIEW.o
                0x08008240                SEGGER_SYSVIEW_RecordSystime
 .text.SEGGER_SYSVIEW_RecordEnterISR
                0x080082a4       0x84 ./OS/SEGGER/SEGGER/SEGGER_SYSVIEW.o
                0x080082a4                SEGGER_SYSVIEW_RecordEnterISR
 .text.SEGGER_SYSVIEW_RecordExitISR
                0x08008328       0x38 ./OS/SEGGER/SEGGER/SEGGER_SYSVIEW.o
                0x08008328                SEGGER_SYSVIEW_RecordExitISR
 .text.SEGGER_SYSVIEW_RecordExitISRToScheduler
                0x08008360       0x38 ./OS/SEGGER/SEGGER/SEGGER_SYSVIEW.o
                0x08008360                SEGGER_SYSVIEW_RecordExitISRToScheduler
 .text.SEGGER_SYSVIEW_RecordEndCall
                0x08008398       0x78 ./OS/SEGGER/SEGGER/SEGGER_SYSVIEW.o
                0x08008398                SEGGER_SYSVIEW_RecordEndCall
 .text.SEGGER_SYSVIEW_RecordEndCallU32
                0x08008410       0xb0 ./OS/SEGGER/SEGGER/SEGGER_SYSVIEW.o
                0x08008410                SEGGER_SYSVIEW_RecordEndCallU32
 .text.SEGGER_SYSVIEW_OnIdle
                0x080084c0       0x38 ./OS/SEGGER/SEGGER/SEGGER_SYSVIEW.o
                0x080084c0                SEGGER_SYSVIEW_OnIdle
 .text.SEGGER_SYSVIEW_OnTaskCreate
                0x080084f8       0x84 ./OS/SEGGER/SEGGER/SEGGER_SYSVIEW.o
                0x080084f8                SEGGER_SYSVIEW_OnTaskCreate
 .text.SEGGER_SYSVIEW_OnTaskStartExec
                0x0800857c       0x84 ./OS/SEGGER/SEGGER/SEGGER_SYSVIEW.o
                0x0800857c                SEGGER_SYSVIEW_OnTaskStartExec
 .text.SEGGER_SYSVIEW_OnTaskStartReady
                0x08008600       0x84 ./OS/SEGGER/SEGGER/SEGGER_SYSVIEW.o
                0x08008600                SEGGER_SYSVIEW_OnTaskStartReady
 .text.SEGGER_SYSVIEW_OnTaskStopReady
                0x08008684       0xc0 ./OS/SEGGER/SEGGER/SEGGER_SYSVIEW.o
                0x08008684                SEGGER_SYSVIEW_OnTaskStopReady
 .text.SEGGER_SYSVIEW_ShrinkId
                0x08008744       0x20 ./OS/SEGGER/SEGGER/SEGGER_SYSVIEW.o
                0x08008744                SEGGER_SYSVIEW_ShrinkId
 .text.SEGGER_SYSVIEW_SendModule
                0x08008764      0x114 ./OS/SEGGER/SEGGER/SEGGER_SYSVIEW.o
                0x08008764                SEGGER_SYSVIEW_SendModule
 .text.SEGGER_SYSVIEW_SendModuleDescription
                0x08008878       0x3c ./OS/SEGGER/SEGGER/SEGGER_SYSVIEW.o
                0x08008878                SEGGER_SYSVIEW_SendModuleDescription
 .text.SEGGER_SYSVIEW_SendNumModules
                0x080088b4       0x7c ./OS/SEGGER/SEGGER/SEGGER_SYSVIEW.o
                0x080088b4                SEGGER_SYSVIEW_SendNumModules
 .text.SEGGER_SYSVIEW_Warn
                0x08008930       0xb8 ./OS/SEGGER/SEGGER/SEGGER_SYSVIEW.o
                0x08008930                SEGGER_SYSVIEW_Warn
 .text.memcmp   0x080089e8       0x20 C:/ST/STM32CubeIDE_1.19.0/STM32CubeIDE/plugins/com.st.stm32cube.ide.mcu.externaltools.gnu-tools-for-stm32.13.3.rel1.win32_1.0.0.202411081344/tools/bin/../lib/gcc/arm-none-eabi/13.3.1/../../../../arm-none-eabi/lib/thumb/v7e-m+fp/hard\libc_nano.a(libc_a-memcmp.o)
                0x080089e8                memcmp
 .text.memset   0x08008a08       0x10 C:/ST/STM32CubeIDE_1.19.0/STM32CubeIDE/plugins/com.st.stm32cube.ide.mcu.externaltools.gnu-tools-for-stm32.13.3.rel1.win32_1.0.0.202411081344/tools/bin/../lib/gcc/arm-none-eabi/13.3.1/../../../../arm-none-eabi/lib/thumb/v7e-m+fp/hard\libc_nano.a(libc_a-memset.o)
                0x08008a08                memset
 .text.strncpy  0x08008a18       0x26 C:/ST/STM32CubeIDE_1.19.0/STM32CubeIDE/plugins/com.st.stm32cube.ide.mcu.externaltools.gnu-tools-for-stm32.13.3.rel1.win32_1.0.0.202411081344/tools/bin/../lib/gcc/arm-none-eabi/13.3.1/../../../../arm-none-eabi/lib/thumb/v7e-m+fp/hard\libc_nano.a(libc_a-strncpy.o)
                0x08008a18                strncpy
 *fill*         0x08008a3e        0x2 
 .text.__libc_init_array
                0x08008a40       0x48 C:/ST/STM32CubeIDE_1.19.0/STM32CubeIDE/plugins/com.st.stm32cube.ide.mcu.externaltools.gnu-tools-for-stm32.13.3.rel1.win32_1.0.0.202411081344/tools/bin/../lib/gcc/arm-none-eabi/13.3.1/../../../../arm-none-eabi/lib/thumb/v7e-m+fp/hard\libc_nano.a(libc_a-init.o)
                0x08008a40                __libc_init_array
 .text.memcpy   0x08008a88       0x1c C:/ST/STM32CubeIDE_1.19.0/STM32CubeIDE/plugins/com.st.stm32cube.ide.mcu.externaltools.gnu-tools-for-stm32.13.3.rel1.win32_1.0.0.202411081344/tools/bin/../lib/gcc/arm-none-eabi/13.3.1/../../../../arm-none-eabi/lib/thumb/v7e-m+fp/hard\libc_nano.a(libc_a-memcpy-stub.o)
                0x08008a88                memcpy
 *(.glue_7)
 .glue_7        0x08008aa4        0x0 linker stubs
 *(.glue_7t)
 .glue_7t       0x08008aa4        0x0 linker stubs
 *(.eh_frame)
 .eh_frame      0x08008aa4        0x0 C:/ST/STM32CubeIDE_1.19.0/STM32CubeIDE/plugins/com.st.stm32cube.ide.mcu.externaltools.gnu-tools-for-stm32.13.3.rel1.win32_1.0.0.202411081344/tools/bin/../lib/gcc/arm-none-eabi/13.3.1/thumb/v7e-m+fp/hard/crtbegin.o
 *(.init)
 .init          0x08008aa4        0x4 C:/ST/STM32CubeIDE_1.19.0/STM32CubeIDE/plugins/com.st.stm32cube.ide.mcu.externaltools.gnu-tools-for-stm32.13.3.rel1.win32_1.0.0.202411081344/tools/bin/../lib/gcc/arm-none-eabi/13.3.1/thumb/v7e-m+fp/hard/crti.o
                0x08008aa4                _init
 .init          0x08008aa8        0x8 C:/ST/STM32CubeIDE_1.19.0/STM32CubeIDE/plugins/com.st.stm32cube.ide.mcu.externaltools.gnu-tools-for-stm32.13.3.rel1.win32_1.0.0.202411081344/tools/bin/../lib/gcc/arm-none-eabi/13.3.1/thumb/v7e-m+fp/hard/crtn.o
 *(.fini)
 .fini          0x08008ab0        0x4 C:/ST/STM32CubeIDE_1.19.0/STM32CubeIDE/plugins/com.st.stm32cube.ide.mcu.externaltools.gnu-tools-for-stm32.13.3.rel1.win32_1.0.0.202411081344/tools/bin/../lib/gcc/arm-none-eabi/13.3.1/thumb/v7e-m+fp/hard/crti.o
                0x08008ab0                _fini
 .fini          0x08008ab4        0x8 C:/ST/STM32CubeIDE_1.19.0/STM32CubeIDE/plugins/com.st.stm32cube.ide.mcu.externaltools.gnu-tools-for-stm32.13.3.rel1.win32_1.0.0.202411081344/tools/bin/../lib/gcc/arm-none-eabi/13.3.1/thumb/v7e-m+fp/hard/crtn.o
                0x08008abc                        . = ALIGN (0x4)
                0x08008abc                        _etext = .

.vfp11_veneer   0x08008abc        0x0
 .vfp11_veneer  0x08008abc        0x0 linker stubs

.v4_bx          0x08008abc        0x0
 .v4_bx         0x08008abc        0x0 linker stubs

.iplt           0x08008abc        0x0
 .iplt          0x08008abc        0x0 C:/ST/STM32CubeIDE_1.19.0/STM32CubeIDE/plugins/com.st.stm32cube.ide.mcu.externaltools.gnu-tools-for-stm32.13.3.rel1.win32_1.0.0.202411081344/tools/bin/../lib/gcc/arm-none-eabi/13.3.1/thumb/v7e-m+fp/hard/crtbegin.o

.rodata         0x08008abc      0x830
                0x08008abc                        . = ALIGN (0x4)
 *(.rodata)
 .rodata        0x08008abc       0x41 ./App/Common/Src/freertos_objects.o
 *fill*         0x08008afd        0x3 
 .rodata        0x08008b00       0x2f ./App/OLEDTask/Src/oled_task.o
 *fill*         0x08008b2f        0x1 
 .rodata        0x08008b30       0x42 ./App/WashingManager/Src/washing_manager.o
 *fill*         0x08008b72        0x2 
 .rodata        0x08008b74       0x1d ./Core/Src/main.o
 *fill*         0x08008b91        0x3 
 .rodata        0x08008b94        0x5 ./OS/FreeRTOS/tasks.o
 *fill*         0x08008b99        0x3 
 .rodata        0x08008b9c        0xd ./OS/FreeRTOS/timers.o
 *fill*         0x08008ba9        0x3 
 .rodata        0x08008bac       0x41 ./OS/SEGGER/Config/SEGGER_SYSVIEW_Config_FreeRTOS.o
 *fill*         0x08008bed        0x3 
 .rodata        0x08008bf0       0x58 ./OS/SEGGER/OS/SEGGER_SYSVIEW_FreeRTOS.o
 .rodata        0x08008c48        0x9 ./OS/SEGGER/SEGGER/SEGGER_RTT.o
 *fill*         0x08008c51        0x3 
 .rodata        0x08008c54       0x10 ./OS/SEGGER/SEGGER/SEGGER_SYSVIEW.o
 *(.rodata*)
 .rodata.kValvePin
                0x08008c64        0x4 ./App/BSP/Src/bsp_valve.o
 .rodata.s_callbacks.0
                0x08008c68       0x1c ./App/WashingManager/Src/washing_manager.o
 .rodata.kTransitions
                0x08008c84       0x27 ./App/WashingManager/Src/washing_sm.o
 *fill*         0x08008cab        0x1 
 .rodata.AHBPrescTable
                0x08008cac       0x10 ./Core/Src/system_stm32f4xx.o
                0x08008cac                AHBPrescTable
 .rodata.APBPrescTable
                0x08008cbc        0x8 ./Core/Src/system_stm32f4xx.o
                0x08008cbc                APBPrescTable
 .rodata.Font6x8
                0x08008cc4      0x5f0 ./Drivers/SSD1306/ssd1306_fonts.o
 .rodata.Font_6x8
                0x080092b4        0xc ./Drivers/SSD1306/ssd1306_fonts.o
                0x080092b4                Font_6x8
 .rodata.uxTopUsedPriority
                0x080092c0        0x4 ./OS/FreeRTOS/tasks.o
 .rodata.SYSVIEW_X_OS_TraceAPI
                0x080092c4        0x8 ./OS/SEGGER/OS/SEGGER_SYSVIEW_FreeRTOS.o
                0x080092c4                SYSVIEW_X_OS_TraceAPI
 .rodata._aInitStr.0
                0x080092cc       0x11 ./OS/SEGGER/SEGGER/SEGGER_RTT.o
 *fill*         0x080092dd        0x3 
 .rodata._abSync
                0x080092e0        0xa ./OS/SEGGER/SEGGER/SEGGER_SYSVIEW.o
                0x080092ec                        . = ALIGN (0x4)
 *fill*         0x080092ea        0x2 

.ARM.extab      0x080092ec        0x0
                0x080092ec                        . = ALIGN (0x4)
 *(.ARM.extab* .gnu.linkonce.armextab.*)
                0x080092ec                        . = ALIGN (0x4)

.ARM            0x080092ec        0x8
                0x080092ec                        . = ALIGN (0x4)
                0x080092ec                        __exidx_start = .
 *(.ARM.exidx*)
 .ARM.exidx     0x080092ec        0x8 C:/ST/STM32CubeIDE_1.19.0/STM32CubeIDE/plugins/com.st.stm32cube.ide.mcu.externaltools.gnu-tools-for-stm32.13.3.rel1.win32_1.0.0.202411081344/tools/bin/../lib/gcc/arm-none-eabi/13.3.1/thumb/v7e-m+fp/hard\libgcc.a(_udivmoddi4.o)
                0x080092f4                        __exidx_end = .
                0x080092f4                        . = ALIGN (0x4)

.preinit_array  0x080092f4        0x0
                0x080092f4                        . = ALIGN (0x4)
                0x080092f4                        PROVIDE (__preinit_array_start = .)
 *(.preinit_array*)
                0x080092f4                        PROVIDE (__preinit_array_end = .)
                0x080092f4                        . = ALIGN (0x4)

.init_array     0x080092f4        0x4
                0x080092f4                        . = ALIGN (0x4)
                0x080092f4                        PROVIDE (__init_array_start = .)
 *(SORT_BY_NAME(.init_array.*))
 *(.init_array*)
 .init_array    0x080092f4        0x4 C:/ST/STM32CubeIDE_1.19.0/STM32CubeIDE/plugins/com.st.stm32cube.ide.mcu.externaltools.gnu-tools-for-stm32.13.3.rel1.win32_1.0.0.202411081344/tools/bin/../lib/gcc/arm-none-eabi/13.3.1/thumb/v7e-m+fp/hard/crtbegin.o
                0x080092f8                        PROVIDE (__init_array_end = .)
                0x080092f8                        . = ALIGN (0x4)

.fini_array     0x080092f8        0x4
                0x080092f8                        . = ALIGN (0x4)
                [!provide]                        PROVIDE (__fini_array_start = .)
 *(SORT_BY_NAME(.fini_array.*))
 *(.fini_array*)
 .fini_array    0x080092f8        0x4 C:/ST/STM32CubeIDE_1.19.0/STM32CubeIDE/plugins/com.st.stm32cube.ide.mcu.externaltools.gnu-tools-for-stm32.13.3.rel1.win32_1.0.0.202411081344/tools/bin/../lib/gcc/arm-none-eabi/13.3.1/thumb/v7e-m+fp/hard/crtbegin.o
                [!provide]                        PROVIDE (__fini_array_end = .)
                0x080092fc                        . = ALIGN (0x4)
                0x080092fc                        _sidata = LOADADDR (.data)

.rel.dyn        0x080092fc        0x0
 .rel.iplt      0x080092fc        0x0 C:/ST/STM32CubeIDE_1.19.0/STM32CubeIDE/plugins/com.st.stm32cube.ide.mcu.externaltools.gnu-tools-for-stm32.13.3.rel1.win32_1.0.0.202411081344/tools/bin/../lib/gcc/arm-none-eabi/13.3.1/thumb/v7e-m+fp/hard/crtbegin.o

.data           0x20000000       0x28 load address 0x080092fc
                0x20000000                        . = ALIGN (0x4)
                0x20000000                        _sdata = .
 *(.data)
 *(.data*)
 .data.s_statusCache
                0x20000000       0x18 ./App/UITask/Src/ui_task.o
 .data.SystemCoreClock
                0x20000018        0x4 ./Core/Src/system_stm32f4xx.o
                0x20000018                SystemCoreClock
 .data.uwTickPrio
                0x2000001c        0x4 ./Drivers/STM32F4xx_HAL_Driver/Src/stm32f4xx_hal.o
                0x2000001c                uwTickPrio
 .data.uwTickFreq
                0x20000020        0x1 ./Drivers/STM32F4xx_HAL_Driver/Src/stm32f4xx_hal.o
                0x20000020                uwTickFreq
 *fill*         0x20000021        0x3 
 .data.uxCriticalNesting
                0x20000024        0x4 ./OS/FreeRTOS/portable/GCC/ARM_CM4F/port.o
 *(.RamFunc)
 *(.RamFunc*)
                0x20000028                        . = ALIGN (0x4)
                0x20000028                        _edata = .

.igot.plt       0x20000028        0x0 load address 0x08009324
 .igot.plt      0x20000028        0x0 C:/ST/STM32CubeIDE_1.19.0/STM32CubeIDE/plugins/com.st.stm32cube.ide.mcu.externaltools.gnu-tools-for-stm32.13.3.rel1.win32_1.0.0.202411081344/tools/bin/../lib/gcc/arm-none-eabi/13.3.1/thumb/v7e-m+fp/hard/crtbegin.o
                0x20000028                        . = ALIGN (0x4)

.bss            0x20000028    0x1492c load address 0x08009324
                0x20000028                        _sbss = .
                0x20000028                        __bss_start__ = _sbss
 *(.bss)
 .bss           0x20000028       0x1c C:/ST/STM32CubeIDE_1.19.0/STM32CubeIDE/plugins/com.st.stm32cube.ide.mcu.externaltools.gnu-tools-for-stm32.13.3.rel1.win32_1.0.0.202411081344/tools/bin/../lib/gcc/arm-none-eabi/13.3.1/thumb/v7e-m+fp/hard/crtbegin.o
 *(.bss*)
 .bss.s_callback
                0x20000044        0x4 ./App/BSP/Src/bsp_button.o
 .bss.s_pressStartMs
                0x20000048        0x4 ./App/BSP/Src/bsp_button.o
 .bss.s_pressed
                0x2000004c        0x1 ./App/BSP/Src/bsp_button.o
 .bss.s_waterFull
                0x2000004d        0x1 ./App/BSP/Src/bsp_sensor.o
 *fill*         0x2000004e        0x2 
 .bss.xFillTimeoutTimer
                0x20000050        0x4 ./App/Common/Src/freertos_objects.o
                0x20000050                xFillTimeoutTimer
 .bss.xWashTimer
                0x20000054        0x4 ./App/Common/Src/freertos_objects.o
                0x20000054                xWashTimer
 .bss.xDrainTimer
                0x20000058        0x4 ./App/Common/Src/freertos_objects.o
                0x20000058                xDrainTimer
 .bss.xSpinTimer
                0x2000005c        0x4 ./App/Common/Src/freertos_objects.o
                0x2000005c                xSpinTimer
 .bss.xButtonQueue
                0x20000060        0x4 ./App/Common/Src/freertos_objects.o
                0x20000060                xButtonQueue
 .bss.xCommandQueue
                0x20000064        0x4 ./App/Common/Src/freertos_objects.o
                0x20000064                xCommandQueue
 .bss.xDisplayQueue
                0x20000068        0x4 ./App/Common/Src/freertos_objects.o
                0x20000068                xDisplayQueue
 .bss.xSystemEvents
                0x2000006c        0x4 ./App/Common/Src/freertos_objects.o
                0x2000006c                xSystemEvents
 .bss.s_currentMode
                0x20000070        0x1 ./App/WashingManager/Src/washing_manager.o
 .bss.s_menuIndex
                0x20000071        0x1 ./App/WashingManager/Src/washing_manager.o
 .bss.s_currentState
                0x20000072        0x1 ./App/WashingManager/Src/washing_sm.o
 *fill*         0x20000073        0x1 
 .bss.s_callbacks
                0x20000074       0x1c ./App/WashingManager/Src/washing_sm.o
 .bss.hi2c1     0x20000090       0x54 ./Core/Src/main.o
                0x20000090                hi2c1
 .bss.htim4     0x200000e4       0x48 ./Core/Src/stm32f4xx_hal_timebase_tim.o
                0x200000e4                htim4
 .bss.SSD1306_Buffer
                0x2000012c      0x400 ./Drivers/SSD1306/ssd1306.o
 .bss.SSD1306   0x2000052c        0x6 ./Drivers/SSD1306/ssd1306.o
 *fill*         0x20000532        0x2 
 .bss.uwTick    0x20000534        0x4 ./Drivers/STM32F4xx_HAL_Driver/Src/stm32f4xx_hal.o
                0x20000534                uwTick
 .bss.xQueueRegistry
                0x20000538       0x40 ./OS/FreeRTOS/queue.o
                0x20000538                xQueueRegistry
 .bss.pxCurrentTCB
                0x20000578        0x4 ./OS/FreeRTOS/tasks.o
                0x20000578                pxCurrentTCB
 .bss.pxReadyTasksLists
                0x2000057c       0x64 ./OS/FreeRTOS/tasks.o
 .bss.xDelayedTaskList1
                0x200005e0       0x14 ./OS/FreeRTOS/tasks.o
 .bss.xDelayedTaskList2
                0x200005f4       0x14 ./OS/FreeRTOS/tasks.o
 .bss.pxDelayedTaskList
                0x20000608        0x4 ./OS/FreeRTOS/tasks.o
 .bss.pxOverflowDelayedTaskList
                0x2000060c        0x4 ./OS/FreeRTOS/tasks.o
 .bss.xPendingReadyList
                0x20000610       0x14 ./OS/FreeRTOS/tasks.o
 .bss.xTasksWaitingTermination
                0x20000624       0x14 ./OS/FreeRTOS/tasks.o
 .bss.uxDeletedTasksWaitingCleanUp
                0x20000638        0x4 ./OS/FreeRTOS/tasks.o
 .bss.xSuspendedTaskList
                0x2000063c       0x14 ./OS/FreeRTOS/tasks.o
 .bss.uxCurrentNumberOfTasks
                0x20000650        0x4 ./OS/FreeRTOS/tasks.o
 .bss.xTickCount
                0x20000654        0x4 ./OS/FreeRTOS/tasks.o
 .bss.uxTopReadyPriority
                0x20000658        0x4 ./OS/FreeRTOS/tasks.o
 .bss.xSchedulerRunning
                0x2000065c        0x4 ./OS/FreeRTOS/tasks.o
 .bss.xPendedTicks
                0x20000660        0x4 ./OS/FreeRTOS/tasks.o
 .bss.xYieldPendings
                0x20000664        0x4 ./OS/FreeRTOS/tasks.o
 .bss.xNumOfOverflows
                0x20000668        0x4 ./OS/FreeRTOS/tasks.o
 .bss.uxTaskNumber
                0x2000066c        0x4 ./OS/FreeRTOS/tasks.o
 .bss.xNextTaskUnblockTime
                0x20000670        0x4 ./OS/FreeRTOS/tasks.o
 .bss.xIdleTaskHandles
                0x20000674        0x4 ./OS/FreeRTOS/tasks.o
 .bss.uxSchedulerSuspended
                0x20000678        0x4 ./OS/FreeRTOS/tasks.o
 .bss.xActiveTimerList1
                0x2000067c       0x14 ./OS/FreeRTOS/timers.o
 .bss.xActiveTimerList2
                0x20000690       0x14 ./OS/FreeRTOS/timers.o
 .bss.pxCurrentTimerList
                0x200006a4        0x4 ./OS/FreeRTOS/timers.o
 .bss.pxOverflowTimerList
                0x200006a8        0x4 ./OS/FreeRTOS/timers.o
 .bss.xTimerQueue
                0x200006ac        0x4 ./OS/FreeRTOS/timers.o
 .bss.xTimerTaskHandle
                0x200006b0        0x4 ./OS/FreeRTOS/timers.o
 .bss.xLastTime.0
                0x200006b4        0x4 ./OS/FreeRTOS/timers.o
 .bss.ucMaxSysCallPriority
                0x200006b8        0x1 ./OS/FreeRTOS/portable/GCC/ARM_CM4F/port.o
 *fill*         0x200006b9        0x3 
 .bss.ulMaxPRIGROUPValue
                0x200006bc        0x4 ./OS/FreeRTOS/portable/GCC/ARM_CM4F/port.o
 .bss.ucHeap    0x200006c0    0x12c00 ./OS/FreeRTOS/portable/MemMang/heap_4.o
 .bss.xStart    0x200132c0        0x8 ./OS/FreeRTOS/portable/MemMang/heap_4.o
 .bss.pxEnd     0x200132c8        0x4 ./OS/FreeRTOS/portable/MemMang/heap_4.o
 .bss.xFreeBytesRemaining
                0x200132cc        0x4 ./OS/FreeRTOS/portable/MemMang/heap_4.o
 .bss.xMinimumEverFreeBytesRemaining
                0x200132d0        0x4 ./OS/FreeRTOS/portable/MemMang/heap_4.o
 .bss.xNumberOfSuccessfulAllocations
                0x200132d4        0x4 ./OS/FreeRTOS/portable/MemMang/heap_4.o
 .bss.xNumberOfSuccessfulFrees
                0x200132d8        0x4 ./OS/FreeRTOS/portable/MemMang/heap_4.o
 .bss._aTasks   0x200132dc       0xa0 ./OS/SEGGER/OS/SEGGER_SYSVIEW_FreeRTOS.o
 .bss._NumTasks
                0x2001337c        0x4 ./OS/SEGGER/OS/SEGGER_SYSVIEW_FreeRTOS.o
 .bss._SEGGER_RTT
                0x20013380       0xa8 ./OS/SEGGER/SEGGER/SEGGER_RTT.o
                0x20013380                _SEGGER_RTT
 .bss._acUpBuffer
                0x20013428      0x400 ./OS/SEGGER/SEGGER/SEGGER_RTT.o
 .bss._acDownBuffer
                0x20013828       0x10 ./OS/SEGGER/SEGGER/SEGGER_RTT.o
 .bss._UpBuffer
                0x20013838     0x1000 ./OS/SEGGER/SEGGER/SEGGER_SYSVIEW.o
 .bss._DownBuffer
                0x20014838        0x8 ./OS/SEGGER/SEGGER/SEGGER_SYSVIEW.o
 .bss._SYSVIEW_Globals
                0x20014840       0x28 ./OS/SEGGER/SEGGER/SEGGER_SYSVIEW.o
 .bss._pFirstModule
                0x20014868        0x4 ./OS/SEGGER/SEGGER/SEGGER_SYSVIEW.o
 .bss._NumModules
                0x2001486c        0x1 ./OS/SEGGER/SEGGER/SEGGER_SYSVIEW.o
 *fill*         0x2001486d        0x3 
 .bss._aPacket  0x20014870       0xe3 ./OS/SEGGER/SEGGER/SEGGER_SYSVIEW.o
 *(COMMON)
                0x20014954                        . = ALIGN (0x4)
 *fill*         0x20014953        0x1 
                0x20014954                        _ebss = .
                0x20014954                        __bss_end__ = _ebss

._user_heap_stack
                0x20014954      0x604 load address 0x08009324
                0x20014958                        . = ALIGN (0x8)
 *fill*         0x20014954        0x4 
                0x20014958                        PROVIDE (end = .)
                [!provide]                        PROVIDE (_end = .)
                0x20014b58                        . = (. + _Min_Heap_Size)
 *fill*         0x20014958      0x200 
                0x20014f58                        . = (. + _Min_Stack_Size)
 *fill*         0x20014b58      0x400 
                0x20014f58                        . = ALIGN (0x8)

/DISCARD/
 libc.a(*)
 libm.a(*)
 libgcc.a(*)

.ARM.attributes
                0x00000000       0x30
 *(.ARM.attributes)
 .ARM.attributes
                0x00000000       0x22 C:/ST/STM32CubeIDE_1.19.0/STM32CubeIDE/plugins/com.st.stm32cube.ide.mcu.externaltools.gnu-tools-for-stm32.13.3.rel1.win32_1.0.0.202411081344/tools/bin/../lib/gcc/arm-none-eabi/13.3.1/thumb/v7e-m+fp/hard/crti.o
 .ARM.attributes
                0x00000022       0x34 C:/ST/STM32CubeIDE_1.19.0/STM32CubeIDE/plugins/com.st.stm32cube.ide.mcu.externaltools.gnu-tools-for-stm32.13.3.rel1.win32_1.0.0.202411081344/tools/bin/../lib/gcc/arm-none-eabi/13.3.1/thumb/v7e-m+fp/hard/crtbegin.o
 .ARM.attributes
                0x00000056       0x34 ./App/BSP/Src/bsp_button.o
 .ARM.attributes
                0x0000008a       0x34 ./App/BSP/Src/bsp_led.o
 .ARM.attributes
                0x000000be       0x34 ./App/BSP/Src/bsp_motor.o
 .ARM.attributes
                0x000000f2       0x34 ./App/BSP/Src/bsp_oled.o
 .ARM.attributes
                0x00000126       0x34 ./App/BSP/Src/bsp_sensor.o
 .ARM.attributes
                0x0000015a       0x34 ./App/BSP/Src/bsp_valve.o
 .ARM.attributes
                0x0000018e       0x34 ./App/Common/Src/freertos_objects.o
 .ARM.attributes
                0x000001c2       0x34 ./App/OLEDTask/Src/oled_task.o
 .ARM.attributes
                0x000001f6       0x34 ./App/SensorTask/Src/sensor_task.o
 .ARM.attributes
                0x0000022a       0x34 ./App/UITask/Src/ui_task.o
 .ARM.attributes
                0x0000025e       0x34 ./App/WashingManager/Src/washing_manager.o
 .ARM.attributes
                0x00000292       0x34 ./App/WashingManager/Src/washing_sm.o
 .ARM.attributes
                0x000002c6       0x34 ./Core/Src/main.o
 .ARM.attributes
                0x000002fa       0x34 ./Core/Src/stm32f4xx_hal_msp.o
 .ARM.attributes
                0x0000032e       0x34 ./Core/Src/stm32f4xx_hal_timebase_tim.o
 .ARM.attributes
                0x00000362       0x34 ./Core/Src/stm32f4xx_it.o
 .ARM.attributes
                0x00000396       0x34 ./Core/Src/system_stm32f4xx.o
 .ARM.attributes
                0x000003ca       0x21 ./Core/Startup/startup_stm32f411vetx.o
 .ARM.attributes
                0x000003eb       0x34 ./Drivers/SSD1306/ssd1306.o
 .ARM.attributes
                0x0000041f       0x34 ./Drivers/SSD1306/ssd1306_fonts.o
 .ARM.attributes
                0x00000453       0x34 ./Drivers/STM32F4xx_HAL_Driver/Src/stm32f4xx_hal.o
 .ARM.attributes
                0x00000487       0x34 ./Drivers/STM32F4xx_HAL_Driver/Src/stm32f4xx_hal_cortex.o
 .ARM.attributes
                0x000004bb       0x34 ./Drivers/STM32F4xx_HAL_Driver/Src/stm32f4xx_hal_gpio.o
 .ARM.attributes
                0x000004ef       0x34 ./Drivers/STM32F4xx_HAL_Driver/Src/stm32f4xx_hal_i2c.o
 .ARM.attributes
                0x00000523       0x34 ./Drivers/STM32F4xx_HAL_Driver/Src/stm32f4xx_hal_rcc.o
 .ARM.attributes
                0x00000557       0x34 ./Drivers/STM32F4xx_HAL_Driver/Src/stm32f4xx_hal_tim.o
 .ARM.attributes
                0x0000058b       0x34 ./Drivers/STM32F4xx_HAL_Driver/Src/stm32f4xx_hal_tim_ex.o
 .ARM.attributes
                0x000005bf       0x34 ./OS/FreeRTOS/event_groups.o
 .ARM.attributes
                0x000005f3       0x34 ./OS/FreeRTOS/list.o
 .ARM.attributes
                0x00000627       0x34 ./OS/FreeRTOS/queue.o
 .ARM.attributes
                0x0000065b       0x34 ./OS/FreeRTOS/tasks.o
 .ARM.attributes
                0x0000068f       0x34 ./OS/FreeRTOS/timers.o
 .ARM.attributes
                0x000006c3       0x34 ./OS/FreeRTOS/portable/GCC/ARM_CM4F/port.o
 .ARM.attributes
                0x000006f7       0x34 ./OS/FreeRTOS/portable/MemMang/heap_4.o
 .ARM.attributes
                0x0000072b       0x34 ./OS/SEGGER/Config/SEGGER_SYSVIEW_Config_FreeRTOS.o
 .ARM.attributes
                0x0000075f       0x34 ./OS/SEGGER/OS/SEGGER_SYSVIEW_FreeRTOS.o
 .ARM.attributes
                0x00000793       0x34 ./OS/SEGGER/SEGGER/SEGGER_RTT.o
 .ARM.attributes
                0x000007c7       0x20 ./OS/SEGGER/SEGGER/SEGGER_RTT_ASM_ARMv7M.o
 .ARM.attributes
                0x000007e7       0x34 ./OS/SEGGER/SEGGER/SEGGER_SYSVIEW.o
 .ARM.attributes
                0x0000081b       0x34 C:/ST/STM32CubeIDE_1.19.0/STM32CubeIDE/plugins/com.st.stm32cube.ide.mcu.externaltools.gnu-tools-for-stm32.13.3.rel1.win32_1.0.0.202411081344/tools/bin/../lib/gcc/arm-none-eabi/13.3.1/../../../../arm-none-eabi/lib/thumb/v7e-m+fp/hard\libc_nano.a(libc_a-memcmp.o)
 .ARM.attributes
                0x0000084f       0x34 C:/ST/STM32CubeIDE_1.19.0/STM32CubeIDE/plugins/com.st.stm32cube.ide.mcu.externaltools.gnu-tools-for-stm32.13.3.rel1.win32_1.0.0.202411081344/tools/bin/../lib/gcc/arm-none-eabi/13.3.1/../../../../arm-none-eabi/lib/thumb/v7e-m+fp/hard\libc_nano.a(libc_a-memset.o)
 .ARM.attributes
                0x00000883       0x34 C:/ST/STM32CubeIDE_1.19.0/STM32CubeIDE/plugins/com.st.stm32cube.ide.mcu.externaltools.gnu-tools-for-stm32.13.3.rel1.win32_1.0.0.202411081344/tools/bin/../lib/gcc/arm-none-eabi/13.3.1/../../../../arm-none-eabi/lib/thumb/v7e-m+fp/hard\libc_nano.a(libc_a-strncpy.o)
 .ARM.attributes
                0x000008b7       0x34 C:/ST/STM32CubeIDE_1.19.0/STM32CubeIDE/plugins/com.st.stm32cube.ide.mcu.externaltools.gnu-tools-for-stm32.13.3.rel1.win32_1.0.0.202411081344/tools/bin/../lib/gcc/arm-none-eabi/13.3.1/../../../../arm-none-eabi/lib/thumb/v7e-m+fp/hard\libc_nano.a(libc_a-init.o)
 .ARM.attributes
                0x000008eb       0x34 C:/ST/STM32CubeIDE_1.19.0/STM32CubeIDE/plugins/com.st.stm32cube.ide.mcu.externaltools.gnu-tools-for-stm32.13.3.rel1.win32_1.0.0.202411081344/tools/bin/../lib/gcc/arm-none-eabi/13.3.1/../../../../arm-none-eabi/lib/thumb/v7e-m+fp/hard\libc_nano.a(libc_a-memcpy-stub.o)
 .ARM.attributes
                0x0000091f       0x22 C:/ST/STM32CubeIDE_1.19.0/STM32CubeIDE/plugins/com.st.stm32cube.ide.mcu.externaltools.gnu-tools-for-stm32.13.3.rel1.win32_1.0.0.202411081344/tools/bin/../lib/gcc/arm-none-eabi/13.3.1/thumb/v7e-m+fp/hard\libgcc.a(_aeabi_uldivmod.o)
 .ARM.attributes
                0x00000941       0x34 C:/ST/STM32CubeIDE_1.19.0/STM32CubeIDE/plugins/com.st.stm32cube.ide.mcu.externaltools.gnu-tools-for-stm32.13.3.rel1.win32_1.0.0.202411081344/tools/bin/../lib/gcc/arm-none-eabi/13.3.1/thumb/v7e-m+fp/hard\libgcc.a(_udivmoddi4.o)
 .ARM.attributes
                0x00000975       0x22 C:/ST/STM32CubeIDE_1.19.0/STM32CubeIDE/plugins/com.st.stm32cube.ide.mcu.externaltools.gnu-tools-for-stm32.13.3.rel1.win32_1.0.0.202411081344/tools/bin/../lib/gcc/arm-none-eabi/13.3.1/thumb/v7e-m+fp/hard\libgcc.a(_dvmd_tls.o)
 .ARM.attributes
                0x00000997       0x22 C:/ST/STM32CubeIDE_1.19.0/STM32CubeIDE/plugins/com.st.stm32cube.ide.mcu.externaltools.gnu-tools-for-stm32.13.3.rel1.win32_1.0.0.202411081344/tools/bin/../lib/gcc/arm-none-eabi/13.3.1/thumb/v7e-m+fp/hard/crtn.o
OUTPUT(Freertos.elf elf32-littlearm)
LOAD linker stubs
LOAD C:/ST/STM32CubeIDE_1.19.0/STM32CubeIDE/plugins/com.st.stm32cube.ide.mcu.externaltools.gnu-tools-for-stm32.13.3.rel1.win32_1.0.0.202411081344/tools/bin/../lib/gcc/arm-none-eabi/13.3.1/../../../../arm-none-eabi/lib/thumb/v7e-m+fp/hard\libc.a
LOAD C:/ST/STM32CubeIDE_1.19.0/STM32CubeIDE/plugins/com.st.stm32cube.ide.mcu.externaltools.gnu-tools-for-stm32.13.3.rel1.win32_1.0.0.202411081344/tools/bin/../lib/gcc/arm-none-eabi/13.3.1/../../../../arm-none-eabi/lib/thumb/v7e-m+fp/hard\libm.a
LOAD C:/ST/STM32CubeIDE_1.19.0/STM32CubeIDE/plugins/com.st.stm32cube.ide.mcu.externaltools.gnu-tools-for-stm32.13.3.rel1.win32_1.0.0.202411081344/tools/bin/../lib/gcc/arm-none-eabi/13.3.1/thumb/v7e-m+fp/hard\libgcc.a

.debug_info     0x00000000    0x1b87f
 .debug_info    0x00000000      0x67b ./App/BSP/Src/bsp_button.o
 .debug_info    0x0000067b      0x1e2 ./App/BSP/Src/bsp_led.o
 .debug_info    0x0000085d      0x208 ./App/BSP/Src/bsp_motor.o
 .debug_info    0x00000a65      0x217 ./App/BSP/Src/bsp_oled.o
 .debug_info    0x00000c7c      0x1e9 ./App/BSP/Src/bsp_sensor.o
 .debug_info    0x00000e65      0x28e ./App/BSP/Src/bsp_valve.o
 .debug_info    0x000010f3      0x3f8 ./App/Common/Src/freertos_objects.o
 .debug_info    0x000014eb      0x27f ./App/OLEDTask/Src/oled_task.o
 .debug_info    0x0000176a      0x18b ./App/SensorTask/Src/sensor_task.o
 .debug_info    0x000018f5      0x3ec ./App/UITask/Src/ui_task.o
 .debug_info    0x00001ce1      0x73d ./App/WashingManager/Src/washing_manager.o
 .debug_info    0x0000241e      0x2b5 ./App/WashingManager/Src/washing_sm.o
 .debug_info    0x000026d3     0x1291 ./Core/Src/main.o
 .debug_info    0x00003964      0x98b ./Core/Src/stm32f4xx_hal_msp.o
 .debug_info    0x000042ef      0xb83 ./Core/Src/stm32f4xx_hal_timebase_tim.o
 .debug_info    0x00004e72      0x714 ./Core/Src/stm32f4xx_it.o
 .debug_info    0x00005586      0x53e ./Core/Src/system_stm32f4xx.o
 .debug_info    0x00005ac4       0x30 ./Core/Startup/startup_stm32f411vetx.o
 .debug_info    0x00005af4     0x129e ./Drivers/SSD1306/ssd1306.o
 .debug_info    0x00006d92      0x188 ./Drivers/SSD1306/ssd1306_fonts.o
 .debug_info    0x00006f1a      0x8c4 ./Drivers/STM32F4xx_HAL_Driver/Src/stm32f4xx_hal.o
 .debug_info    0x000077de      0xcfc ./Drivers/STM32F4xx_HAL_Driver/Src/stm32f4xx_hal_cortex.o
 .debug_info    0x000084da      0x6f9 ./Drivers/STM32F4xx_HAL_Driver/Src/stm32f4xx_hal_gpio.o
 .debug_info    0x00008bd3     0x2426 ./Drivers/STM32F4xx_HAL_Driver/Src/stm32f4xx_hal_i2c.o
 .debug_info    0x0000aff9      0x904 ./Drivers/STM32F4xx_HAL_Driver/Src/stm32f4xx_hal_rcc.o
 .debug_info    0x0000b8fd     0x2996 ./Drivers/STM32F4xx_HAL_Driver/Src/stm32f4xx_hal_tim.o
 .debug_info    0x0000e293     0x14d4 ./Drivers/STM32F4xx_HAL_Driver/Src/stm32f4xx_hal_tim_ex.o
 .debug_info    0x0000f767      0x9bd ./OS/FreeRTOS/event_groups.o
 .debug_info    0x00010124      0x2d1 ./OS/FreeRTOS/list.o
 .debug_info    0x000103f5     0x18ec ./OS/FreeRTOS/queue.o
 .debug_info    0x00011ce1     0x290e ./OS/FreeRTOS/tasks.o
 .debug_info    0x000145ef      0xf49 ./OS/FreeRTOS/timers.o
 .debug_info    0x00015538      0x59c ./OS/FreeRTOS/portable/GCC/ARM_CM4F/port.o
 .debug_info    0x00015ad4      0x5d9 ./OS/FreeRTOS/portable/MemMang/heap_4.o
 .debug_info    0x000160ad      0x176 ./OS/SEGGER/Config/SEGGER_SYSVIEW_Config_FreeRTOS.o
 .debug_info    0x00016223      0x41b ./OS/SEGGER/OS/SEGGER_SYSVIEW_FreeRTOS.o
 .debug_info    0x0001663e     0x14d5 ./OS/SEGGER/SEGGER/SEGGER_RTT.o
 .debug_info    0x00017b13       0x25 ./OS/SEGGER/SEGGER/SEGGER_RTT_ASM_ARMv7M.o
 .debug_info    0x00017b38     0x3d47 ./OS/SEGGER/SEGGER/SEGGER_SYSVIEW.o

.debug_abbrev   0x00000000     0x49b1
 .debug_abbrev  0x00000000      0x1cf ./App/BSP/Src/bsp_button.o
 .debug_abbrev  0x000001cf       0xf6 ./App/BSP/Src/bsp_led.o
 .debug_abbrev  0x000002c5      0x126 ./App/BSP/Src/bsp_motor.o
 .debug_abbrev  0x000003eb      0x140 ./App/BSP/Src/bsp_oled.o
 .debug_abbrev  0x0000052b      0x122 ./App/BSP/Src/bsp_sensor.o
 .debug_abbrev  0x0000064d      0x171 ./App/BSP/Src/bsp_valve.o
 .debug_abbrev  0x000007be      0x17c ./App/Common/Src/freertos_objects.o
 .debug_abbrev  0x0000093a      0x18a ./App/OLEDTask/Src/oled_task.o
 .debug_abbrev  0x00000ac4       0xe4 ./App/SensorTask/Src/sensor_task.o
 .debug_abbrev  0x00000ba8      0x1b0 ./App/UITask/Src/ui_task.o
 .debug_abbrev  0x00000d58      0x239 ./App/WashingManager/Src/washing_manager.o
 .debug_abbrev  0x00000f91      0x144 ./App/WashingManager/Src/washing_sm.o
 .debug_abbrev  0x000010d5      0x2d2 ./Core/Src/main.o
 .debug_abbrev  0x000013a7      0x1b9 ./Core/Src/stm32f4xx_hal_msp.o
 .debug_abbrev  0x00001560      0x207 ./Core/Src/stm32f4xx_hal_timebase_tim.o
 .debug_abbrev  0x00001767      0x1ba ./Core/Src/stm32f4xx_it.o
 .debug_abbrev  0x00001921      0x11a ./Core/Src/system_stm32f4xx.o
 .debug_abbrev  0x00001a3b       0x24 ./Core/Startup/startup_stm32f411vetx.o
 .debug_abbrev  0x00001a5f      0x351 ./Drivers/SSD1306/ssd1306.o
 .debug_abbrev  0x00001db0       0xc3 ./Drivers/SSD1306/ssd1306_fonts.o
 .debug_abbrev  0x00001e73      0x24b ./Drivers/STM32F4xx_HAL_Driver/Src/stm32f4xx_hal.o
 .debug_abbrev  0x000020be      0x31d ./Drivers/STM32F4xx_HAL_Driver/Src/stm32f4xx_hal_cortex.o
 .debug_abbrev  0x000023db      0x1d3 ./Drivers/STM32F4xx_HAL_Driver/Src/stm32f4xx_hal_gpio.o
 .debug_abbrev  0x000025ae      0x2bc ./Drivers/STM32F4xx_HAL_Driver/Src/stm32f4xx_hal_i2c.o
 .debug_abbrev  0x0000286a      0x2b6 ./Drivers/STM32F4xx_HAL_Driver/Src/stm32f4xx_hal_rcc.o
 .debug_abbrev  0x00002b20      0x28b ./Drivers/STM32F4xx_HAL_Driver/Src/stm32f4xx_hal_tim.o
 .debug_abbrev  0x00002dab      0x296 ./Drivers/STM32F4xx_HAL_Driver/Src/stm32f4xx_hal_tim_ex.o
 .debug_abbrev  0x00003041      0x290 ./OS/FreeRTOS/event_groups.o
 .debug_abbrev  0x000032d1      0x10c ./OS/FreeRTOS/list.o
 .debug_abbrev  0x000033dd      0x305 ./OS/FreeRTOS/queue.o
 .debug_abbrev  0x000036e2      0x3a1 ./OS/FreeRTOS/tasks.o
 .debug_abbrev  0x00003a83      0x2b8 ./OS/FreeRTOS/timers.o
 .debug_abbrev  0x00003d3b      0x248 ./OS/FreeRTOS/portable/GCC/ARM_CM4F/port.o
 .debug_abbrev  0x00003f83      0x25a ./OS/FreeRTOS/portable/MemMang/heap_4.o
 .debug_abbrev  0x000041dd       0xdf ./OS/SEGGER/Config/SEGGER_SYSVIEW_Config_FreeRTOS.o
 .debug_abbrev  0x000042bc      0x191 ./OS/SEGGER/OS/SEGGER_SYSVIEW_FreeRTOS.o
 .debug_abbrev  0x0000444d      0x230 ./OS/SEGGER/SEGGER/SEGGER_RTT.o
 .debug_abbrev  0x0000467d       0x14 ./OS/SEGGER/SEGGER/SEGGER_RTT_ASM_ARMv7M.o
 .debug_abbrev  0x00004691      0x320 ./OS/SEGGER/SEGGER/SEGGER_SYSVIEW.o

.debug_aranges  0x00000000     0x1a70
 .debug_aranges
                0x00000000       0x28 ./App/BSP/Src/bsp_button.o
 .debug_aranges
                0x00000028       0x38 ./App/BSP/Src/bsp_led.o
 .debug_aranges
                0x00000060       0x38 ./App/BSP/Src/bsp_motor.o
 .debug_aranges
                0x00000098       0x38 ./App/BSP/Src/bsp_oled.o
 .debug_aranges
                0x000000d0       0x28 ./App/BSP/Src/bsp_sensor.o
 .debug_aranges
                0x000000f8       0x38 ./App/BSP/Src/bsp_valve.o
 .debug_aranges
                0x00000130       0x28 ./App/Common/Src/freertos_objects.o
 .debug_aranges
                0x00000158       0x28 ./App/OLEDTask/Src/oled_task.o
 .debug_aranges
                0x00000180       0x20 ./App/SensorTask/Src/sensor_task.o
 .debug_aranges
                0x000001a0       0x28 ./App/UITask/Src/ui_task.o
 .debug_aranges
                0x000001c8       0x68 ./App/WashingManager/Src/washing_manager.o
 .debug_aranges
                0x00000230       0x38 ./App/WashingManager/Src/washing_sm.o
 .debug_aranges
                0x00000268       0x48 ./Core/Src/main.o
 .debug_aranges
                0x000002b0       0x30 ./Core/Src/stm32f4xx_hal_msp.o
 .debug_aranges
                0x000002e0       0x30 ./Core/Src/stm32f4xx_hal_timebase_tim.o
 .debug_aranges
                0x00000310       0x70 ./Core/Src/stm32f4xx_it.o
 .debug_aranges
                0x00000380       0x28 ./Core/Src/system_stm32f4xx.o
 .debug_aranges
                0x000003a8       0x28 ./Core/Startup/startup_stm32f411vetx.o
 .debug_aranges
                0x000003d0       0xe8 ./Drivers/SSD1306/ssd1306.o
 .debug_aranges
                0x000004b8       0x18 ./Drivers/SSD1306/ssd1306_fonts.o
 .debug_aranges
                0x000004d0       0xf0 ./Drivers/STM32F4xx_HAL_Driver/Src/stm32f4xx_hal.o
 .debug_aranges
                0x000005c0      0x130 ./Drivers/STM32F4xx_HAL_Driver/Src/stm32f4xx_hal_cortex.o
 .debug_aranges
                0x000006f0       0x58 ./Drivers/STM32F4xx_HAL_Driver/Src/stm32f4xx_hal_gpio.o
 .debug_aranges
                0x00000748      0x2a8 ./Drivers/STM32F4xx_HAL_Driver/Src/stm32f4xx_hal_i2c.o
 .debug_aranges
                0x000009f0       0x88 ./Drivers/STM32F4xx_HAL_Driver/Src/stm32f4xx_hal_rcc.o
 .debug_aranges
                0x00000a78      0x3d0 ./Drivers/STM32F4xx_HAL_Driver/Src/stm32f4xx_hal_tim.o
 .debug_aranges
                0x00000e48      0x168 ./Drivers/STM32F4xx_HAL_Driver/Src/stm32f4xx_hal_tim_ex.o
 .debug_aranges
                0x00000fb0       0x78 ./OS/FreeRTOS/event_groups.o
 .debug_aranges
                0x00001028       0x40 ./OS/FreeRTOS/list.o
 .debug_aranges
                0x00001068      0x140 ./OS/FreeRTOS/queue.o
 .debug_aranges
                0x000011a8      0x238 ./OS/FreeRTOS/tasks.o
 .debug_aranges
                0x000013e0       0xf8 ./OS/FreeRTOS/timers.o
 .debug_aranges
                0x000014d8       0x80 ./OS/FreeRTOS/portable/GCC/ARM_CM4F/port.o
 .debug_aranges
                0x00001558       0x68 ./OS/FreeRTOS/portable/MemMang/heap_4.o
 .debug_aranges
                0x000015c0       0x28 ./OS/SEGGER/Config/SEGGER_SYSVIEW_Config_FreeRTOS.o
 .debug_aranges
                0x000015e8       0x48 ./OS/SEGGER/OS/SEGGER_SYSVIEW_FreeRTOS.o
 .debug_aranges
                0x00001630      0x138 ./OS/SEGGER/SEGGER/SEGGER_RTT.o
 .debug_aranges
                0x00001768       0x20 ./OS/SEGGER/SEGGER/SEGGER_RTT_ASM_ARMv7M.o
 .debug_aranges
                0x00001788      0x2e8 ./OS/SEGGER/SEGGER/SEGGER_SYSVIEW.o

.debug_rnglists
                0x00000000     0x1474
 .debug_rnglists
                0x00000000       0x27 ./App/BSP/Src/bsp_button.o
 .debug_rnglists
                0x00000027       0x25 ./App/BSP/Src/bsp_led.o
 .debug_rnglists
                0x0000004c       0x25 ./App/BSP/Src/bsp_motor.o
 .debug_rnglists
                0x00000071       0x25 ./App/BSP/Src/bsp_oled.o
 .debug_rnglists
                0x00000096       0x19 ./App/BSP/Src/bsp_sensor.o
 .debug_rnglists
                0x000000af       0x25 ./App/BSP/Src/bsp_valve.o
 .debug_rnglists
                0x000000d4       0x1a ./App/Common/Src/freertos_objects.o
 .debug_rnglists
                0x000000ee       0x19 ./App/OLEDTask/Src/oled_task.o
 .debug_rnglists
                0x00000107       0x13 ./App/SensorTask/Src/sensor_task.o
 .debug_rnglists
                0x0000011a       0x1a ./App/UITask/Src/ui_task.o
 .debug_rnglists
                0x00000134       0x80 ./App/WashingManager/Src/washing_manager.o
 .debug_rnglists
                0x000001b4       0x26 ./App/WashingManager/Src/washing_sm.o
 .debug_rnglists
                0x000001da       0x34 ./Core/Src/main.o
 .debug_rnglists
                0x0000020e       0x20 ./Core/Src/stm32f4xx_hal_msp.o
 .debug_rnglists
                0x0000022e       0x20 ./Core/Src/stm32f4xx_hal_timebase_tim.o
 .debug_rnglists
                0x0000024e       0x4f ./Core/Src/stm32f4xx_it.o
 .debug_rnglists
                0x0000029d       0x1a ./Core/Src/system_stm32f4xx.o
 .debug_rnglists
                0x000002b7       0x19 ./Core/Startup/startup_stm32f411vetx.o
 .debug_rnglists
                0x000002d0       0xb4 ./Drivers/SSD1306/ssd1306.o
 .debug_rnglists
                0x00000384       0xaf ./Drivers/STM32F4xx_HAL_Driver/Src/stm32f4xx_hal.o
 .debug_rnglists
                0x00000433       0xe0 ./Drivers/STM32F4xx_HAL_Driver/Src/stm32f4xx_hal_cortex.o
 .debug_rnglists
                0x00000513       0x3f ./Drivers/STM32F4xx_HAL_Driver/Src/stm32f4xx_hal_gpio.o
 .debug_rnglists
                0x00000552      0x23c ./Drivers/STM32F4xx_HAL_Driver/Src/stm32f4xx_hal_i2c.o
 .debug_rnglists
                0x0000078e       0x66 ./Drivers/STM32F4xx_HAL_Driver/Src/stm32f4xx_hal_rcc.o
 .debug_rnglists
                0x000007f4      0x31a ./Drivers/STM32F4xx_HAL_Driver/Src/stm32f4xx_hal_tim.o
 .debug_rnglists
                0x00000b0e      0x125 ./Drivers/STM32F4xx_HAL_Driver/Src/stm32f4xx_hal_tim_ex.o
 .debug_rnglists
                0x00000c33       0x59 ./OS/FreeRTOS/event_groups.o
 .debug_rnglists
                0x00000c8c       0x2b ./OS/FreeRTOS/list.o
 .debug_rnglists
                0x00000cb7       0xf8 ./OS/FreeRTOS/queue.o
 .debug_rnglists
                0x00000daf      0x1c8 ./OS/FreeRTOS/tasks.o
 .debug_rnglists
                0x00000f77       0xba ./OS/FreeRTOS/timers.o
 .debug_rnglists
                0x00001031       0x5d ./OS/FreeRTOS/portable/GCC/ARM_CM4F/port.o
 .debug_rnglists
                0x0000108e       0x4e ./OS/FreeRTOS/portable/MemMang/heap_4.o
 .debug_rnglists
                0x000010dc       0x19 ./OS/SEGGER/Config/SEGGER_SYSVIEW_Config_FreeRTOS.o
 .debug_rnglists
                0x000010f5       0x36 ./OS/SEGGER/OS/SEGGER_SYSVIEW_FreeRTOS.o
 .debug_rnglists
                0x0000112b       0xf5 ./OS/SEGGER/SEGGER/SEGGER_RTT.o
 .debug_rnglists
                0x00001220      0x254 ./OS/SEGGER/SEGGER/SEGGER_SYSVIEW.o

.debug_macro    0x00000000    0x1cad4
 .debug_macro   0x00000000      0x206 ./App/BSP/Src/bsp_button.o
 .debug_macro   0x00000206      0xad8 ./App/BSP/Src/bsp_button.o
 .debug_macro   0x00000cde       0x22 ./App/BSP/Src/bsp_button.o
 .debug_macro   0x00000d00       0x8e ./App/BSP/Src/bsp_button.o
 .debug_macro   0x00000d8e       0x51 ./App/BSP/Src/bsp_button.o
 .debug_macro   0x00000ddf      0x103 ./App/BSP/Src/bsp_button.o
 .debug_macro   0x00000ee2       0x6a ./App/BSP/Src/bsp_button.o
 .debug_macro   0x00000f4c      0x1df ./App/BSP/Src/bsp_button.o
 .debug_macro   0x0000112b       0x5e ./App/BSP/Src/bsp_button.o
 .debug_macro   0x00001189      0x29b ./App/BSP/Src/bsp_button.o
 .debug_macro   0x00001424       0x2e ./App/BSP/Src/bsp_button.o
 .debug_macro   0x00001452       0x28 ./App/BSP/Src/bsp_button.o
 .debug_macro   0x0000147a       0x1c ./App/BSP/Src/bsp_button.o
 .debug_macro   0x00001496       0x22 ./App/BSP/Src/bsp_button.o
 .debug_macro   0x000014b8       0xfb ./App/BSP/Src/bsp_button.o
 .debug_macro   0x000015b3     0x1011 ./App/BSP/Src/bsp_button.o
 .debug_macro   0x000025c4      0x11f ./App/BSP/Src/bsp_button.o
 .debug_macro   0x000026e3     0xb968 ./App/BSP/Src/bsp_button.o
 .debug_macro   0x0000e04b       0x6d ./App/BSP/Src/bsp_button.o
 .debug_macro   0x0000e0b8     0x3693 ./App/BSP/Src/bsp_button.o
 .debug_macro   0x0001174b      0x190 ./App/BSP/Src/bsp_button.o
 .debug_macro   0x000118db       0x5c ./App/BSP/Src/bsp_button.o
 .debug_macro   0x00011937      0x45c ./App/BSP/Src/bsp_button.o
 .debug_macro   0x00011d93      0x9e9 ./App/BSP/Src/bsp_button.o
 .debug_macro   0x0001277c      0x115 ./App/BSP/Src/bsp_button.o
 .debug_macro   0x00012891      0x11b ./App/BSP/Src/bsp_button.o
 .debug_macro   0x000129ac       0xa5 ./App/BSP/Src/bsp_button.o
 .debug_macro   0x00012a51      0x15f ./App/BSP/Src/bsp_button.o
 .debug_macro   0x00012bb0      0x287 ./App/BSP/Src/bsp_button.o
 .debug_macro   0x00012e37       0x5f ./App/BSP/Src/bsp_button.o
 .debug_macro   0x00012e96      0x236 ./App/BSP/Src/bsp_button.o
 .debug_macro   0x000130cc      0x132 ./App/BSP/Src/bsp_button.o
 .debug_macro   0x000131fe      0x264 ./App/BSP/Src/bsp_button.o
 .debug_macro   0x00013462       0x2e ./App/BSP/Src/bsp_button.o
 .debug_macro   0x00013490      0x1b5 ./App/BSP/Src/bsp_button.o
 .debug_macro   0x00013645       0x22 ./App/BSP/Src/bsp_button.o
 .debug_macro   0x00013667       0xd6 ./App/BSP/Src/bsp_button.o
 .debug_macro   0x0001373d      0x127 ./App/BSP/Src/bsp_button.o
 .debug_macro   0x00013864       0x85 ./App/BSP/Src/bsp_button.o
 .debug_macro   0x000138e9       0x89 ./App/BSP/Src/bsp_button.o
 .debug_macro   0x00013972      0x8ed ./App/BSP/Src/bsp_button.o
 .debug_macro   0x0001425f       0x47 ./App/BSP/Src/bsp_button.o
 .debug_macro   0x000142a6      0x126 ./App/BSP/Src/bsp_button.o
 .debug_macro   0x000143cc      0x1f3 ./App/BSP/Src/bsp_led.o
 .debug_macro   0x000145bf      0x1f3 ./App/BSP/Src/bsp_motor.o
 .debug_macro   0x000147b2      0x241 ./App/BSP/Src/bsp_oled.o
 .debug_macro   0x000149f3       0x61 ./App/BSP/Src/bsp_oled.o
 .debug_macro   0x00014a54       0x2a ./App/BSP/Src/bsp_oled.o
 .debug_macro   0x00014a7e       0x43 ./App/BSP/Src/bsp_oled.o
 .debug_macro   0x00014ac1       0x34 ./App/BSP/Src/bsp_oled.o
 .debug_macro   0x00014af5       0x2e ./App/BSP/Src/bsp_oled.o
 .debug_macro   0x00014b23       0x46 ./App/BSP/Src/bsp_oled.o
 .debug_macro   0x00014b69      0x1f3 ./App/BSP/Src/bsp_sensor.o
 .debug_macro   0x00014d5c      0x1f9 ./App/BSP/Src/bsp_valve.o
 .debug_macro   0x00014f55      0x19c ./App/Common/Src/freertos_objects.o
 .debug_macro   0x000150f1       0x16 ./App/Common/Src/freertos_objects.o
 .debug_macro   0x00015107      0x115 ./App/Common/Src/freertos_objects.o
 .debug_macro   0x0001521c       0x58 ./App/Common/Src/freertos_objects.o
 .debug_macro   0x00015274       0x46 ./App/Common/Src/freertos_objects.o
 .debug_macro   0x000152ba       0x64 ./App/Common/Src/freertos_objects.o
 .debug_macro   0x0001531e       0x49 ./App/Common/Src/freertos_objects.o
 .debug_macro   0x00015367       0xd1 ./App/Common/Src/freertos_objects.o
 .debug_macro   0x00015438      0x220 ./App/Common/Src/freertos_objects.o
 .debug_macro   0x00015658      0xf65 ./App/Common/Src/freertos_objects.o
 .debug_macro   0x000165bd       0x1c ./App/Common/Src/freertos_objects.o
 .debug_macro   0x000165d9      0x182 ./App/Common/Src/freertos_objects.o
 .debug_macro   0x0001675b       0xee ./App/Common/Src/freertos_objects.o
 .debug_macro   0x00016849       0x3a ./App/Common/Src/freertos_objects.o
 .debug_macro   0x00016883       0x1f ./App/Common/Src/freertos_objects.o
 .debug_macro   0x000168a2       0x12 ./App/Common/Src/freertos_objects.o
 .debug_macro   0x000168b4      0xbb6 ./App/Common/Src/freertos_objects.o
 .debug_macro   0x0001746a       0xc3 ./App/Common/Src/freertos_objects.o
 .debug_macro   0x0001752d      0x14f ./App/Common/Src/freertos_objects.o
 .debug_macro   0x0001767c       0x80 ./App/Common/Src/freertos_objects.o
 .debug_macro   0x000176fc       0x9e ./App/Common/Src/freertos_objects.o
 .debug_macro   0x0001779a       0x23 ./App/Common/Src/freertos_objects.o
 .debug_macro   0x000177bd       0x2e ./App/Common/Src/freertos_objects.o
 .debug_macro   0x000177eb      0x27c ./App/OLEDTask/Src/oled_task.o
 .debug_macro   0x00017a67       0x16 ./App/OLEDTask/Src/oled_task.o
 .debug_macro   0x00017a7d       0x3c ./App/OLEDTask/Src/oled_task.o
 .debug_macro   0x00017ab9      0x370 ./App/OLEDTask/Src/oled_task.o
 .debug_macro   0x00017e29       0x16 ./App/OLEDTask/Src/oled_task.o
 .debug_macro   0x00017e3f       0x4a ./App/OLEDTask/Src/oled_task.o
 .debug_macro   0x00017e89       0x34 ./App/OLEDTask/Src/oled_task.o
 .debug_macro   0x00017ebd       0x10 ./App/OLEDTask/Src/oled_task.o
 .debug_macro   0x00017ecd       0x58 ./App/OLEDTask/Src/oled_task.o
 .debug_macro   0x00017f25       0x8e ./App/OLEDTask/Src/oled_task.o
 .debug_macro   0x00017fb3       0x1c ./App/OLEDTask/Src/oled_task.o
 .debug_macro   0x00017fcf      0x185 ./App/OLEDTask/Src/oled_task.o
 .debug_macro   0x00018154       0x16 ./App/OLEDTask/Src/oled_task.o
 .debug_macro   0x0001816a       0x16 ./App/OLEDTask/Src/oled_task.o
 .debug_macro   0x00018180      0x146 ./App/OLEDTask/Src/oled_task.o
 .debug_macro   0x000182c6      0x1b8 ./App/SensorTask/Src/sensor_task.o
 .debug_macro   0x0001847e      0x287 ./App/UITask/Src/ui_task.o
 .debug_macro   0x00018705       0x10 ./App/UITask/Src/ui_task.o
 .debug_macro   0x00018715       0x20 ./App/UITask/Src/ui_task.o
 .debug_macro   0x00018735      0x2a4 ./App/WashingManager/Src/washing_manager.o
 .debug_macro   0x000189d9       0x86 ./App/WashingManager/Src/washing_sm.o
 .debug_macro   0x00018a5f      0x350 ./Core/Src/main.o
 .debug_macro   0x00018daf      0x115 ./Core/Src/main.o
 .debug_macro   0x00018ec4      0x2a8 ./Core/Src/stm32f4xx_hal_msp.o
 .debug_macro   0x0001916c      0x1dd ./Core/Src/stm32f4xx_hal_timebase_tim.o
 .debug_macro   0x00019349      0x205 ./Core/Src/stm32f4xx_it.o
 .debug_macro   0x0001954e      0x1dd ./Core/Src/system_stm32f4xx.o
 .debug_macro   0x0001972b      0x308 ./Drivers/SSD1306/ssd1306.o
 .debug_macro   0x00019a33      0x19b ./Drivers/SSD1306/ssd1306.o
 .debug_macro   0x00019bce       0x16 ./Drivers/SSD1306/ssd1306.o
 .debug_macro   0x00019be4      0x233 ./Drivers/SSD1306/ssd1306_fonts.o
 .debug_macro   0x00019e17      0x23d ./Drivers/STM32F4xx_HAL_Driver/Src/stm32f4xx_hal.o
 .debug_macro   0x0001a054      0x1dd ./Drivers/STM32F4xx_HAL_Driver/Src/stm32f4xx_hal_cortex.o
 .debug_macro   0x0001a231      0x1e3 ./Drivers/STM32F4xx_HAL_Driver/Src/stm32f4xx_hal_gpio.o
 .debug_macro   0x0001a414      0x22b ./Drivers/STM32F4xx_HAL_Driver/Src/stm32f4xx_hal_i2c.o
 .debug_macro   0x0001a63f      0x201 ./Drivers/STM32F4xx_HAL_Driver/Src/stm32f4xx_hal_rcc.o
 .debug_macro   0x0001a840      0x1de ./Drivers/STM32F4xx_HAL_Driver/Src/stm32f4xx_hal_tim.o
 .debug_macro   0x0001aa1e      0x1dd ./Drivers/STM32F4xx_HAL_Driver/Src/stm32f4xx_hal_tim_ex.o
 .debug_macro   0x0001abfb      0x239 ./OS/FreeRTOS/event_groups.o
 .debug_macro   0x0001ae34      0x11c ./OS/FreeRTOS/event_groups.o
 .debug_macro   0x0001af50       0x9b ./OS/FreeRTOS/event_groups.o
 .debug_macro   0x0001afeb       0x98 ./OS/FreeRTOS/event_groups.o
 .debug_macro   0x0001b083      0x204 ./OS/FreeRTOS/list.o
 .debug_macro   0x0001b287      0x29b ./OS/FreeRTOS/queue.o
 .debug_macro   0x0001b522      0x321 ./OS/FreeRTOS/tasks.o
 .debug_macro   0x0001b843       0x17 ./OS/FreeRTOS/tasks.o
 .debug_macro   0x0001b85a      0x253 ./OS/FreeRTOS/timers.o
 .debug_macro   0x0001baad      0x231 ./OS/FreeRTOS/portable/GCC/ARM_CM4F/port.o
 .debug_macro   0x0001bcde      0x299 ./OS/FreeRTOS/portable/MemMang/heap_4.o
 .debug_macro   0x0001bf77      0x147 ./OS/SEGGER/Config/SEGGER_SYSVIEW_Config_FreeRTOS.o