../App/WashingManager/Src/washing_manager.c:56:13:Manager_OnEnterIdle	8	static
../App/WashingManager/Src/washing_manager.c:69:13:Manager_OnEnterFillWater	24	static
../App/WashingManager/Src/washing_manager.c:77:13:Manager_OnEnterWashing	24	static
../App/WashingManager/Src/washing_manager.c:85:13:Manager_OnEnterDrain	24	static
../App/WashingManager/Src/washing_manager.c:93:13:Manager_OnEnterSpin	24	static
../App/WashingManager/Src/washing_manager.c:101:13:Manager_OnEnterFinish	8	static
../App/WashingManager/Src/washing_manager.c:112:13:Manager_OnEnterError	8	static
../App/WashingManager/Src/washing_manager.c:134:13:Manager_PostDisplay	48	static
../App/WashingManager/Src/washing_manager.c:154:13:Manager_HandleCommand	16	static
../App/WashingManager/Src/washing_manager.c:183:6:WashingManager_Task	48	static
